// Jest Snapshot v1, https://goo.gl/fbAQLP

exports[`1x1 test - With number initialValues 1`] = `
Array [
  Array [
    0,
  ],
]
`;

exports[`1x1 test - With string initialValues 1`] = `
Array [
  Array [
    "string",
  ],
]
`;

exports[`1x1x1 test - With number initialValues 1`] = `
Array [
  Array [
    Array [
      0,
    ],
  ],
]
`;

exports[`1x1x1 test - With string initialValues 1`] = `
Array [
  Array [
    Array [
      "string",
    ],
  ],
]
`;

exports[`1x1x1x1 test - With number initialValues 1`] = `
Array [
  Array [
    Array [
      Array [
        0,
      ],
    ],
  ],
]
`;

exports[`1x1x1x1 test - With string initialValues 1`] = `
Array [
  Array [
    Array [
      Array [
        "string",
      ],
    ],
  ],
]
`;

exports[`1x1x1x1x1 test - With number initialValues 1`] = `
Array [
  Array [
    Array [
      Array [
        Array [
          0,
        ],
      ],
    ],
  ],
]
`;

exports[`1x1x1x1x1 test - With string initialValues 1`] = `
Array [
  Array [
    Array [
      Array [
        Array [
          "string",
        ],
      ],
    ],
  ],
]
`;

exports[`1x1x1x1x1x1 test - With number initialValues 1`] = `
Array [
  Array [
    Array [
      Array [
        Array [
          Array [
            0,
          ],
        ],
      ],
    ],
  ],
]
`;

exports[`1x1x1x1x1x1 test - With string initialValues 1`] = `
Array [
  Array [
    Array [
      Array [
        Array [
          Array [
            "string",
          ],
        ],
      ],
    ],
  ],
]
`;

exports[`1x4 test - With number initialValues 1`] = `
Array [
  Array [
    0,
    0,
    0,
    0,
  ],
  Array [
    0,
    0,
    0,
    0,
  ],
]
`;

exports[`1x4 test - With string initialValues 1`] = `
Array [
  Array [
    "string",
    "string",
    "string",
    "string",
  ],
  Array [
    "string",
    "string",
    "string",
    "string",
  ],
]
`;

exports[`1x4x5x2 test - With number initialValues 1`] = `
Array [
  Array [
    Array [
      Array [
        0,
        0,
      ],
      Array [
        0,
        0,
      ],
      Array [
        0,
        0,
      ],
      Array [
        0,
        0,
      ],
      Array [
        0,
        0,
      ],
    ],
    Array [
      Array [
        0,
        0,
      ],
      Array [
        0,
        0,
      ],
      Array [
        0,
        0,
      ],
      Array [
        0,
        0,
      ],
      Array [
        0,
        0,
      ],
    ],
    Array [
      Array [
        0,
        0,
      ],
      Array [
        0,
        0,
      ],
      Array [
        0,
        0,
      ],
      Array [
        0,
        0,
      ],
      Array [
        0,
        0,
      ],
    ],
    Array [
      Array [
        0,
        0,
      ],
      Array [
        0,
        0,
      ],
      Array [
        0,
        0,
      ],
      Array [
        0,
        0,
      ],
      Array [
        0,
        0,
      ],
    ],
  ],
]
`;

exports[`1x4x5x2 test - With string initialValues 1`] = `
Array [
  Array [
    Array [
      Array [
        "string",
        "string",
      ],
      Array [
        "string",
        "string",
      ],
      Array [
        "string",
        "string",
      ],
      Array [
        "string",
        "string",
      ],
      Array [
        "string",
        "string",
      ],
    ],
    Array [
      Array [
        "string",
        "string",
      ],
      Array [
        "string",
        "string",
      ],
      Array [
        "string",
        "string",
      ],
      Array [
        "string",
        "string",
      ],
      Array [
        "string",
        "string",
      ],
    ],
    Array [
      Array [
        "string",
        "string",
      ],
      Array [
        "string",
        "string",
      ],
      Array [
        "string",
        "string",
      ],
      Array [
        "string",
        "string",
      ],
      Array [
        "string",
        "string",
      ],
    ],
    Array [
      Array [
        "string",
        "string",
      ],
      Array [
        "string",
        "string",
      ],
      Array [
        "string",
        "string",
      ],
      Array [
        "string",
        "string",
      ],
      Array [
        "string",
        "string",
      ],
    ],
  ],
]
`;

exports[`2x4x1x5x3x1 test - With number initialValues 1`] = `
Array [
  Array [
    Array [
      Array [
        Array [
          Array [
            0,
          ],
          Array [
            0,
          ],
          Array [
            0,
          ],
          Array [
            0,
          ],
          Array [
            0,
          ],
        ],
        Array [
          Array [
            0,
          ],
          Array [
            0,
          ],
          Array [
            0,
          ],
          Array [
            0,
          ],
          Array [
            0,
          ],
        ],
        Array [
          Array [
            0,
          ],
          Array [
            0,
          ],
          Array [
            0,
          ],
          Array [
            0,
          ],
          Array [
            0,
          ],
        ],
        Array [
          Array [
            0,
          ],
          Array [
            0,
          ],
          Array [
            0,
          ],
          Array [
            0,
          ],
          Array [
            0,
          ],
        ],
        Array [
          Array [
            0,
          ],
          Array [
            0,
          ],
          Array [
            0,
          ],
          Array [
            0,
          ],
          Array [
            0,
          ],
        ],
      ],
    ],
    Array [
      Array [
        Array [
          Array [
            0,
          ],
          Array [
            0,
          ],
          Array [
            0,
          ],
          Array [
            0,
          ],
          Array [
            0,
          ],
        ],
        Array [
          Array [
            0,
          ],
          Array [
            0,
          ],
          Array [
            0,
          ],
          Array [
            0,
          ],
          Array [
            0,
          ],
        ],
        Array [
          Array [
            0,
          ],
          Array [
            0,
          ],
          Array [
            0,
          ],
          Array [
            0,
          ],
          Array [
            0,
          ],
        ],
        Array [
          Array [
            0,
          ],
          Array [
            0,
          ],
          Array [
            0,
          ],
          Array [
            0,
          ],
          Array [
            0,
          ],
        ],
        Array [
          Array [
            0,
          ],
          Array [
            0,
          ],
          Array [
            0,
          ],
          Array [
            0,
          ],
          Array [
            0,
          ],
        ],
      ],
    ],
    Array [
      Array [
        Array [
          Array [
            0,
          ],
          Array [
            0,
          ],
          Array [
            0,
          ],
          Array [
            0,
          ],
          Array [
            0,
          ],
        ],
        Array [
          Array [
            0,
          ],
          Array [
            0,
          ],
          Array [
            0,
          ],
          Array [
            0,
          ],
          Array [
            0,
          ],
        ],
        Array [
          Array [
            0,
          ],
          Array [
            0,
          ],
          Array [
            0,
          ],
          Array [
            0,
          ],
          Array [
            0,
          ],
        ],
        Array [
          Array [
            0,
          ],
          Array [
            0,
          ],
          Array [
            0,
          ],
          Array [
            0,
          ],
          Array [
            0,
          ],
        ],
        Array [
          Array [
            0,
          ],
          Array [
            0,
          ],
          Array [
            0,
          ],
          Array [
            0,
          ],
          Array [
            0,
          ],
        ],
      ],
    ],
    Array [
      Array [
        Array [
          Array [
            0,
          ],
          Array [
            0,
          ],
          Array [
            0,
          ],
          Array [
            0,
          ],
          Array [
            0,
          ],
        ],
        Array [
          Array [
            0,
          ],
          Array [
            0,
          ],
          Array [
            0,
          ],
          Array [
            0,
          ],
          Array [
            0,
          ],
        ],
        Array [
          Array [
            0,
          ],
          Array [
            0,
          ],
          Array [
            0,
          ],
          Array [
            0,
          ],
          Array [
            0,
          ],
        ],
        Array [
          Array [
            0,
          ],
          Array [
            0,
          ],
          Array [
            0,
          ],
          Array [
            0,
          ],
          Array [
            0,
          ],
        ],
        Array [
          Array [
            0,
          ],
          Array [
            0,
          ],
          Array [
            0,
          ],
          Array [
            0,
          ],
          Array [
            0,
          ],
        ],
      ],
    ],
  ],
  Array [
    Array [
      Array [
        Array [
          Array [
            0,
          ],
          Array [
            0,
          ],
          Array [
            0,
          ],
          Array [
            0,
          ],
          Array [
            0,
          ],
        ],
        Array [
          Array [
            0,
          ],
          Array [
            0,
          ],
          Array [
            0,
          ],
          Array [
            0,
          ],
          Array [
            0,
          ],
        ],
        Array [
          Array [
            0,
          ],
          Array [
            0,
          ],
          Array [
            0,
          ],
          Array [
            0,
          ],
          Array [
            0,
          ],
        ],
        Array [
          Array [
            0,
          ],
          Array [
            0,
          ],
          Array [
            0,
          ],
          Array [
            0,
          ],
          Array [
            0,
          ],
        ],
        Array [
          Array [
            0,
          ],
          Array [
            0,
          ],
          Array [
            0,
          ],
          Array [
            0,
          ],
          Array [
            0,
          ],
        ],
      ],
    ],
    Array [
      Array [
        Array [
          Array [
            0,
          ],
          Array [
            0,
          ],
          Array [
            0,
          ],
          Array [
            0,
          ],
          Array [
            0,
          ],
        ],
        Array [
          Array [
            0,
          ],
          Array [
            0,
          ],
          Array [
            0,
          ],
          Array [
            0,
          ],
          Array [
            0,
          ],
        ],
        Array [
          Array [
            0,
          ],
          Array [
            0,
          ],
          Array [
            0,
          ],
          Array [
            0,
          ],
          Array [
            0,
          ],
        ],
        Array [
          Array [
            0,
          ],
          Array [
            0,
          ],
          Array [
            0,
          ],
          Array [
            0,
          ],
          Array [
            0,
          ],
        ],
        Array [
          Array [
            0,
          ],
          Array [
            0,
          ],
          Array [
            0,
          ],
          Array [
            0,
          ],
          Array [
            0,
          ],
        ],
      ],
    ],
    Array [
      Array [
        Array [
          Array [
            0,
          ],
          Array [
            0,
          ],
          Array [
            0,
          ],
          Array [
            0,
          ],
          Array [
            0,
          ],
        ],
        Array [
          Array [
            0,
          ],
          Array [
            0,
          ],
          Array [
            0,
          ],
          Array [
            0,
          ],
          Array [
            0,
          ],
        ],
        Array [
          Array [
            0,
          ],
          Array [
            0,
          ],
          Array [
            0,
          ],
          Array [
            0,
          ],
          Array [
            0,
          ],
        ],
        Array [
          Array [
            0,
          ],
          Array [
            0,
          ],
          Array [
            0,
          ],
          Array [
            0,
          ],
          Array [
            0,
          ],
        ],
        Array [
          Array [
            0,
          ],
          Array [
            0,
          ],
          Array [
            0,
          ],
          Array [
            0,
          ],
          Array [
            0,
          ],
        ],
      ],
    ],
    Array [
      Array [
        Array [
          Array [
            0,
          ],
          Array [
            0,
          ],
          Array [
            0,
          ],
          Array [
            0,
          ],
          Array [
            0,
          ],
        ],
        Array [
          Array [
            0,
          ],
          Array [
            0,
          ],
          Array [
            0,
          ],
          Array [
            0,
          ],
          Array [
            0,
          ],
        ],
        Array [
          Array [
            0,
          ],
          Array [
            0,
          ],
          Array [
            0,
          ],
          Array [
            0,
          ],
          Array [
            0,
          ],
        ],
        Array [
          Array [
            0,
          ],
          Array [
            0,
          ],
          Array [
            0,
          ],
          Array [
            0,
          ],
          Array [
            0,
          ],
        ],
        Array [
          Array [
            0,
          ],
          Array [
            0,
          ],
          Array [
            0,
          ],
          Array [
            0,
          ],
          Array [
            0,
          ],
        ],
      ],
    ],
  ],
]
`;

exports[`2x4x1x5x3x1 test - With string initialValues 1`] = `
Array [
  Array [
    Array [
      Array [
        Array [
          Array [
            "string",
          ],
          Array [
            "string",
          ],
          Array [
            "string",
          ],
          Array [
            "string",
          ],
          Array [
            "string",
          ],
        ],
        Array [
          Array [
            "string",
          ],
          Array [
            "string",
          ],
          Array [
            "string",
          ],
          Array [
            "string",
          ],
          Array [
            "string",
          ],
        ],
        Array [
          Array [
            "string",
          ],
          Array [
            "string",
          ],
          Array [
            "string",
          ],
          Array [
            "string",
          ],
          Array [
            "string",
          ],
        ],
        Array [
          Array [
            "string",
          ],
          Array [
            "string",
          ],
          Array [
            "string",
          ],
          Array [
            "string",
          ],
          Array [
            "string",
          ],
        ],
        Array [
          Array [
            "string",
          ],
          Array [
            "string",
          ],
          Array [
            "string",
          ],
          Array [
            "string",
          ],
          Array [
            "string",
          ],
        ],
      ],
    ],
    Array [
      Array [
        Array [
          Array [
            "string",
          ],
          Array [
            "string",
          ],
          Array [
            "string",
          ],
          Array [
            "string",
          ],
          Array [
            "string",
          ],
        ],
        Array [
          Array [
            "string",
          ],
          Array [
            "string",
          ],
          Array [
            "string",
          ],
          Array [
            "string",
          ],
          Array [
            "string",
          ],
        ],
        Array [
          Array [
            "string",
          ],
          Array [
            "string",
          ],
          Array [
            "string",
          ],
          Array [
            "string",
          ],
          Array [
            "string",
          ],
        ],
        Array [
          Array [
            "string",
          ],
          Array [
            "string",
          ],
          Array [
            "string",
          ],
          Array [
            "string",
          ],
          Array [
            "string",
          ],
        ],
        Array [
          Array [
            "string",
          ],
          Array [
            "string",
          ],
          Array [
            "string",
          ],
          Array [
            "string",
          ],
          Array [
            "string",
          ],
        ],
      ],
    ],
    Array [
      Array [
        Array [
          Array [
            "string",
          ],
          Array [
            "string",
          ],
          Array [
            "string",
          ],
          Array [
            "string",
          ],
          Array [
            "string",
          ],
        ],
        Array [
          Array [
            "string",
          ],
          Array [
            "string",
          ],
          Array [
            "string",
          ],
          Array [
            "string",
          ],
          Array [
            "string",
          ],
        ],
        Array [
          Array [
            "string",
          ],
          Array [
            "string",
          ],
          Array [
            "string",
          ],
          Array [
            "string",
          ],
          Array [
            "string",
          ],
        ],
        Array [
          Array [
            "string",
          ],
          Array [
            "string",
          ],
          Array [
            "string",
          ],
          Array [
            "string",
          ],
          Array [
            "string",
          ],
        ],
        Array [
          Array [
            "string",
          ],
          Array [
            "string",
          ],
          Array [
            "string",
          ],
          Array [
            "string",
          ],
          Array [
            "string",
          ],
        ],
      ],
    ],
    Array [
      Array [
        Array [
          Array [
            "string",
          ],
          Array [
            "string",
          ],
          Array [
            "string",
          ],
          Array [
            "string",
          ],
          Array [
            "string",
          ],
        ],
        Array [
          Array [
            "string",
          ],
          Array [
            "string",
          ],
          Array [
            "string",
          ],
          Array [
            "string",
          ],
          Array [
            "string",
          ],
        ],
        Array [
          Array [
            "string",
          ],
          Array [
            "string",
          ],
          Array [
            "string",
          ],
          Array [
            "string",
          ],
          Array [
            "string",
          ],
        ],
        Array [
          Array [
            "string",
          ],
          Array [
            "string",
          ],
          Array [
            "string",
          ],
          Array [
            "string",
          ],
          Array [
            "string",
          ],
        ],
        Array [
          Array [
            "string",
          ],
          Array [
            "string",
          ],
          Array [
            "string",
          ],
          Array [
            "string",
          ],
          Array [
            "string",
          ],
        ],
      ],
    ],
  ],
  Array [
    Array [
      Array [
        Array [
          Array [
            "string",
          ],
          Array [
            "string",
          ],
          Array [
            "string",
          ],
          Array [
            "string",
          ],
          Array [
            "string",
          ],
        ],
        Array [
          Array [
            "string",
          ],
          Array [
            "string",
          ],
          Array [
            "string",
          ],
          Array [
            "string",
          ],
          Array [
            "string",
          ],
        ],
        Array [
          Array [
            "string",
          ],
          Array [
            "string",
          ],
          Array [
            "string",
          ],
          Array [
            "string",
          ],
          Array [
            "string",
          ],
        ],
        Array [
          Array [
            "string",
          ],
          Array [
            "string",
          ],
          Array [
            "string",
          ],
          Array [
            "string",
          ],
          Array [
            "string",
          ],
        ],
        Array [
          Array [
            "string",
          ],
          Array [
            "string",
          ],
          Array [
            "string",
          ],
          Array [
            "string",
          ],
          Array [
            "string",
          ],
        ],
      ],
    ],
    Array [
      Array [
        Array [
          Array [
            "string",
          ],
          Array [
            "string",
          ],
          Array [
            "string",
          ],
          Array [
            "string",
          ],
          Array [
            "string",
          ],
        ],
        Array [
          Array [
            "string",
          ],
          Array [
            "string",
          ],
          Array [
            "string",
          ],
          Array [
            "string",
          ],
          Array [
            "string",
          ],
        ],
        Array [
          Array [
            "string",
          ],
          Array [
            "string",
          ],
          Array [
            "string",
          ],
          Array [
            "string",
          ],
          Array [
            "string",
          ],
        ],
        Array [
          Array [
            "string",
          ],
          Array [
            "string",
          ],
          Array [
            "string",
          ],
          Array [
            "string",
          ],
          Array [
            "string",
          ],
        ],
        Array [
          Array [
            "string",
          ],
          Array [
            "string",
          ],
          Array [
            "string",
          ],
          Array [
            "string",
          ],
          Array [
            "string",
          ],
        ],
      ],
    ],
    Array [
      Array [
        Array [
          Array [
            "string",
          ],
          Array [
            "string",
          ],
          Array [
            "string",
          ],
          Array [
            "string",
          ],
          Array [
            "string",
          ],
        ],
        Array [
          Array [
            "string",
          ],
          Array [
            "string",
          ],
          Array [
            "string",
          ],
          Array [
            "string",
          ],
          Array [
            "string",
          ],
        ],
        Array [
          Array [
            "string",
          ],
          Array [
            "string",
          ],
          Array [
            "string",
          ],
          Array [
            "string",
          ],
          Array [
            "string",
          ],
        ],
        Array [
          Array [
            "string",
          ],
          Array [
            "string",
          ],
          Array [
            "string",
          ],
          Array [
            "string",
          ],
          Array [
            "string",
          ],
        ],
        Array [
          Array [
            "string",
          ],
          Array [
            "string",
          ],
          Array [
            "string",
          ],
          Array [
            "string",
          ],
          Array [
            "string",
          ],
        ],
      ],
    ],
    Array [
      Array [
        Array [
          Array [
            "string",
          ],
          Array [
            "string",
          ],
          Array [
            "string",
          ],
          Array [
            "string",
          ],
          Array [
            "string",
          ],
        ],
        Array [
          Array [
            "string",
          ],
          Array [
            "string",
          ],
          Array [
            "string",
          ],
          Array [
            "string",
          ],
          Array [
            "string",
          ],
        ],
        Array [
          Array [
            "string",
          ],
          Array [
            "string",
          ],
          Array [
            "string",
          ],
          Array [
            "string",
          ],
          Array [
            "string",
          ],
        ],
        Array [
          Array [
            "string",
          ],
          Array [
            "string",
          ],
          Array [
            "string",
          ],
          Array [
            "string",
          ],
          Array [
            "string",
          ],
        ],
        Array [
          Array [
            "string",
          ],
          Array [
            "string",
          ],
          Array [
            "string",
          ],
          Array [
            "string",
          ],
          Array [
            "string",
          ],
        ],
      ],
    ],
  ],
]
`;

exports[`2x4x2x5x2 test - With number initialValues 1`] = `
Array [
  Array [
    Array [
      Array [
        Array [
          0,
          0,
        ],
        Array [
          0,
          0,
        ],
        Array [
          0,
          0,
        ],
        Array [
          0,
          0,
        ],
        Array [
          0,
          0,
        ],
      ],
      Array [
        Array [
          0,
          0,
        ],
        Array [
          0,
          0,
        ],
        Array [
          0,
          0,
        ],
        Array [
          0,
          0,
        ],
        Array [
          0,
          0,
        ],
      ],
    ],
    Array [
      Array [
        Array [
          0,
          0,
        ],
        Array [
          0,
          0,
        ],
        Array [
          0,
          0,
        ],
        Array [
          0,
          0,
        ],
        Array [
          0,
          0,
        ],
      ],
      Array [
        Array [
          0,
          0,
        ],
        Array [
          0,
          0,
        ],
        Array [
          0,
          0,
        ],
        Array [
          0,
          0,
        ],
        Array [
          0,
          0,
        ],
      ],
    ],
    Array [
      Array [
        Array [
          0,
          0,
        ],
        Array [
          0,
          0,
        ],
        Array [
          0,
          0,
        ],
        Array [
          0,
          0,
        ],
        Array [
          0,
          0,
        ],
      ],
      Array [
        Array [
          0,
          0,
        ],
        Array [
          0,
          0,
        ],
        Array [
          0,
          0,
        ],
        Array [
          0,
          0,
        ],
        Array [
          0,
          0,
        ],
      ],
    ],
    Array [
      Array [
        Array [
          0,
          0,
        ],
        Array [
          0,
          0,
        ],
        Array [
          0,
          0,
        ],
        Array [
          0,
          0,
        ],
        Array [
          0,
          0,
        ],
      ],
      Array [
        Array [
          0,
          0,
        ],
        Array [
          0,
          0,
        ],
        Array [
          0,
          0,
        ],
        Array [
          0,
          0,
        ],
        Array [
          0,
          0,
        ],
      ],
    ],
  ],
  Array [
    Array [
      Array [
        Array [
          0,
          0,
        ],
        Array [
          0,
          0,
        ],
        Array [
          0,
          0,
        ],
        Array [
          0,
          0,
        ],
        Array [
          0,
          0,
        ],
      ],
      Array [
        Array [
          0,
          0,
        ],
        Array [
          0,
          0,
        ],
        Array [
          0,
          0,
        ],
        Array [
          0,
          0,
        ],
        Array [
          0,
          0,
        ],
      ],
    ],
    Array [
      Array [
        Array [
          0,
          0,
        ],
        Array [
          0,
          0,
        ],
        Array [
          0,
          0,
        ],
        Array [
          0,
          0,
        ],
        Array [
          0,
          0,
        ],
      ],
      Array [
        Array [
          0,
          0,
        ],
        Array [
          0,
          0,
        ],
        Array [
          0,
          0,
        ],
        Array [
          0,
          0,
        ],
        Array [
          0,
          0,
        ],
      ],
    ],
    Array [
      Array [
        Array [
          0,
          0,
        ],
        Array [
          0,
          0,
        ],
        Array [
          0,
          0,
        ],
        Array [
          0,
          0,
        ],
        Array [
          0,
          0,
        ],
      ],
      Array [
        Array [
          0,
          0,
        ],
        Array [
          0,
          0,
        ],
        Array [
          0,
          0,
        ],
        Array [
          0,
          0,
        ],
        Array [
          0,
          0,
        ],
      ],
    ],
    Array [
      Array [
        Array [
          0,
          0,
        ],
        Array [
          0,
          0,
        ],
        Array [
          0,
          0,
        ],
        Array [
          0,
          0,
        ],
        Array [
          0,
          0,
        ],
      ],
      Array [
        Array [
          0,
          0,
        ],
        Array [
          0,
          0,
        ],
        Array [
          0,
          0,
        ],
        Array [
          0,
          0,
        ],
        Array [
          0,
          0,
        ],
      ],
    ],
  ],
]
`;

exports[`2x4x2x5x2 test - With string initialValues 1`] = `
Array [
  Array [
    Array [
      Array [
        Array [
          "string",
          "string",
        ],
        Array [
          "string",
          "string",
        ],
        Array [
          "string",
          "string",
        ],
        Array [
          "string",
          "string",
        ],
        Array [
          "string",
          "string",
        ],
      ],
      Array [
        Array [
          "string",
          "string",
        ],
        Array [
          "string",
          "string",
        ],
        Array [
          "string",
          "string",
        ],
        Array [
          "string",
          "string",
        ],
        Array [
          "string",
          "string",
        ],
      ],
    ],
    Array [
      Array [
        Array [
          "string",
          "string",
        ],
        Array [
          "string",
          "string",
        ],
        Array [
          "string",
          "string",
        ],
        Array [
          "string",
          "string",
        ],
        Array [
          "string",
          "string",
        ],
      ],
      Array [
        Array [
          "string",
          "string",
        ],
        Array [
          "string",
          "string",
        ],
        Array [
          "string",
          "string",
        ],
        Array [
          "string",
          "string",
        ],
        Array [
          "string",
          "string",
        ],
      ],
    ],
    Array [
      Array [
        Array [
          "string",
          "string",
        ],
        Array [
          "string",
          "string",
        ],
        Array [
          "string",
          "string",
        ],
        Array [
          "string",
          "string",
        ],
        Array [
          "string",
          "string",
        ],
      ],
      Array [
        Array [
          "string",
          "string",
        ],
        Array [
          "string",
          "string",
        ],
        Array [
          "string",
          "string",
        ],
        Array [
          "string",
          "string",
        ],
        Array [
          "string",
          "string",
        ],
      ],
    ],
    Array [
      Array [
        Array [
          "string",
          "string",
        ],
        Array [
          "string",
          "string",
        ],
        Array [
          "string",
          "string",
        ],
        Array [
          "string",
          "string",
        ],
        Array [
          "string",
          "string",
        ],
      ],
      Array [
        Array [
          "string",
          "string",
        ],
        Array [
          "string",
          "string",
        ],
        Array [
          "string",
          "string",
        ],
        Array [
          "string",
          "string",
        ],
        Array [
          "string",
          "string",
        ],
      ],
    ],
  ],
  Array [
    Array [
      Array [
        Array [
          "string",
          "string",
        ],
        Array [
          "string",
          "string",
        ],
        Array [
          "string",
          "string",
        ],
        Array [
          "string",
          "string",
        ],
        Array [
          "string",
          "string",
        ],
      ],
      Array [
        Array [
          "string",
          "string",
        ],
        Array [
          "string",
          "string",
        ],
        Array [
          "string",
          "string",
        ],
        Array [
          "string",
          "string",
        ],
        Array [
          "string",
          "string",
        ],
      ],
    ],
    Array [
      Array [
        Array [
          "string",
          "string",
        ],
        Array [
          "string",
          "string",
        ],
        Array [
          "string",
          "string",
        ],
        Array [
          "string",
          "string",
        ],
        Array [
          "string",
          "string",
        ],
      ],
      Array [
        Array [
          "string",
          "string",
        ],
        Array [
          "string",
          "string",
        ],
        Array [
          "string",
          "string",
        ],
        Array [
          "string",
          "string",
        ],
        Array [
          "string",
          "string",
        ],
      ],
    ],
    Array [
      Array [
        Array [
          "string",
          "string",
        ],
        Array [
          "string",
          "string",
        ],
        Array [
          "string",
          "string",
        ],
        Array [
          "string",
          "string",
        ],
        Array [
          "string",
          "string",
        ],
      ],
      Array [
        Array [
          "string",
          "string",
        ],
        Array [
          "string",
          "string",
        ],
        Array [
          "string",
          "string",
        ],
        Array [
          "string",
          "string",
        ],
        Array [
          "string",
          "string",
        ],
      ],
    ],
    Array [
      Array [
        Array [
          "string",
          "string",
        ],
        Array [
          "string",
          "string",
        ],
        Array [
          "string",
          "string",
        ],
        Array [
          "string",
          "string",
        ],
        Array [
          "string",
          "string",
        ],
      ],
      Array [
        Array [
          "string",
          "string",
        ],
        Array [
          "string",
          "string",
        ],
        Array [
          "string",
          "string",
        ],
        Array [
          "string",
          "string",
        ],
        Array [
          "string",
          "string",
        ],
      ],
    ],
  ],
]
`;

exports[`3x3x3 test - With number initialValues 1`] = `
Array [
  Array [
    Array [
      0,
      0,
      0,
    ],
    Array [
      0,
      0,
      0,
    ],
  ],
  Array [
    Array [
      0,
      0,
      0,
    ],
    Array [
      0,
      0,
      0,
    ],
  ],
  Array [
    Array [
      0,
      0,
      0,
    ],
    Array [
      0,
      0,
      0,
    ],
  ],
]
`;

exports[`3x3x3 test - With string initialValues 1`] = `
Array [
  Array [
    Array [
      "string",
      "string",
      "string",
    ],
    Array [
      "string",
      "string",
      "string",
    ],
  ],
  Array [
    Array [
      "string",
      "string",
      "string",
    ],
    Array [
      "string",
      "string",
      "string",
    ],
  ],
  Array [
    Array [
      "string",
      "string",
      "string",
    ],
    Array [
      "string",
      "string",
      "string",
    ],
  ],
]
`;

exports[`4x10 test - With string initialValues 1`] = `
Array [
  Array [
    "string",
    "string",
    "string",
    "string",
    "string",
    "string",
    "string",
    "string",
    "string",
    "string",
  ],
  Array [
    "string",
    "string",
    "string",
    "string",
    "string",
    "string",
    "string",
    "string",
    "string",
    "string",
  ],
  Array [
    "string",
    "string",
    "string",
    "string",
    "string",
    "string",
    "string",
    "string",
    "string",
    "string",
  ],
  Array [
    "string",
    "string",
    "string",
    "string",
    "string",
    "string",
    "string",
    "string",
    "string",
    "string",
  ],
]
`;

exports[`4x11 test - With number initialValues 1`] = `
Array [
  Array [
    0,
    0,
    0,
    0,
    0,
    0,
    0,
    0,
    0,
    0,
    0,
  ],
  Array [
    0,
    0,
    0,
    0,
    0,
    0,
    0,
    0,
    0,
    0,
    0,
  ],
  Array [
    0,
    0,
    0,
    0,
    0,
    0,
    0,
    0,
    0,
    0,
    0,
  ],
  Array [
    0,
    0,
    0,
    0,
    0,
    0,
    0,
    0,
    0,
    0,
    0,
  ],
]
`;

exports[`length: 1 test - With number initialValues 1`] = `
Array [
  0,
]
`;

exports[`length: 1 test - With string initialValues 1`] = `
Array [
  "string",
]
`;

exports[`length: 2 test - With number initialValues 1`] = `
Array [
  0,
  0,
]
`;

exports[`length: 2 test - With string initialValues 1`] = `
Array [
  "string",
  "string",
]
`;

exports[`length: 7 test - With number initialValues 1`] = `
Array [
  0,
  0,
  0,
  0,
  0,
  0,
  0,
]
`;

exports[`length: 7 test - With string initialValues 1`] = `
Array [
  "string",
  "string",
  "string",
  "string",
  "string",
  "string",
  "string",
]
`;
