// Jest Snapshot v1, https://goo.gl/fbAQLP

exports[`1x1 test - No initialValues 1`] = `
Array [
  Array [
    null,
  ],
]
`;

exports[`1x1x1 test - No initialValues 1`] = `
Array [
  Array [
    Array [
      null,
    ],
  ],
]
`;

exports[`1x1x1x1 test - No initialValues 1`] = `
Array [
  Array [
    Array [
      Array [
        null,
      ],
    ],
  ],
]
`;

exports[`1x1x1x1x1 test - No initialValues 1`] = `
Array [
  Array [
    Array [
      Array [
        Array [
          null,
        ],
      ],
    ],
  ],
]
`;

exports[`1x1x1x1x1x1 test - No initialValues 1`] = `
Array [
  Array [
    Array [
      Array [
        Array [
          Array [
            null,
          ],
        ],
      ],
    ],
  ],
]
`;

exports[`1x4 test - No initialValues 1`] = `
Array [
  Array [
    null,
    null,
    null,
    null,
  ],
  Array [
    null,
    null,
    null,
    null,
  ],
]
`;

exports[`1x4x5x2 test - No initialValues 1`] = `
Array [
  Array [
    Array [
      Array [
        null,
        null,
      ],
      Array [
        null,
        null,
      ],
      Array [
        null,
        null,
      ],
      Array [
        null,
        null,
      ],
      Array [
        null,
        null,
      ],
    ],
    Array [
      Array [
        null,
        null,
      ],
      Array [
        null,
        null,
      ],
      Array [
        null,
        null,
      ],
      Array [
        null,
        null,
      ],
      Array [
        null,
        null,
      ],
    ],
    Array [
      Array [
        null,
        null,
      ],
      Array [
        null,
        null,
      ],
      Array [
        null,
        null,
      ],
      Array [
        null,
        null,
      ],
      Array [
        null,
        null,
      ],
    ],
    Array [
      Array [
        null,
        null,
      ],
      Array [
        null,
        null,
      ],
      Array [
        null,
        null,
      ],
      Array [
        null,
        null,
      ],
      Array [
        null,
        null,
      ],
    ],
  ],
]
`;

exports[`2x4x1x5x3x1 test - No initialValues 1`] = `
Array [
  Array [
    Array [
      Array [
        Array [
          Array [
            null,
          ],
          Array [
            null,
          ],
          Array [
            null,
          ],
          Array [
            null,
          ],
          Array [
            null,
          ],
        ],
        Array [
          Array [
            null,
          ],
          Array [
            null,
          ],
          Array [
            null,
          ],
          Array [
            null,
          ],
          Array [
            null,
          ],
        ],
        Array [
          Array [
            null,
          ],
          Array [
            null,
          ],
          Array [
            null,
          ],
          Array [
            null,
          ],
          Array [
            null,
          ],
        ],
        Array [
          Array [
            null,
          ],
          Array [
            null,
          ],
          Array [
            null,
          ],
          Array [
            null,
          ],
          Array [
            null,
          ],
        ],
        Array [
          Array [
            null,
          ],
          Array [
            null,
          ],
          Array [
            null,
          ],
          Array [
            null,
          ],
          Array [
            null,
          ],
        ],
      ],
    ],
    Array [
      Array [
        Array [
          Array [
            null,
          ],
          Array [
            null,
          ],
          Array [
            null,
          ],
          Array [
            null,
          ],
          Array [
            null,
          ],
        ],
        Array [
          Array [
            null,
          ],
          Array [
            null,
          ],
          Array [
            null,
          ],
          Array [
            null,
          ],
          Array [
            null,
          ],
        ],
        Array [
          Array [
            null,
          ],
          Array [
            null,
          ],
          Array [
            null,
          ],
          Array [
            null,
          ],
          Array [
            null,
          ],
        ],
        Array [
          Array [
            null,
          ],
          Array [
            null,
          ],
          Array [
            null,
          ],
          Array [
            null,
          ],
          Array [
            null,
          ],
        ],
        Array [
          Array [
            null,
          ],
          Array [
            null,
          ],
          Array [
            null,
          ],
          Array [
            null,
          ],
          Array [
            null,
          ],
        ],
      ],
    ],
    Array [
      Array [
        Array [
          Array [
            null,
          ],
          Array [
            null,
          ],
          Array [
            null,
          ],
          Array [
            null,
          ],
          Array [
            null,
          ],
        ],
        Array [
          Array [
            null,
          ],
          Array [
            null,
          ],
          Array [
            null,
          ],
          Array [
            null,
          ],
          Array [
            null,
          ],
        ],
        Array [
          Array [
            null,
          ],
          Array [
            null,
          ],
          Array [
            null,
          ],
          Array [
            null,
          ],
          Array [
            null,
          ],
        ],
        Array [
          Array [
            null,
          ],
          Array [
            null,
          ],
          Array [
            null,
          ],
          Array [
            null,
          ],
          Array [
            null,
          ],
        ],
        Array [
          Array [
            null,
          ],
          Array [
            null,
          ],
          Array [
            null,
          ],
          Array [
            null,
          ],
          Array [
            null,
          ],
        ],
      ],
    ],
    Array [
      Array [
        Array [
          Array [
            null,
          ],
          Array [
            null,
          ],
          Array [
            null,
          ],
          Array [
            null,
          ],
          Array [
            null,
          ],
        ],
        Array [
          Array [
            null,
          ],
          Array [
            null,
          ],
          Array [
            null,
          ],
          Array [
            null,
          ],
          Array [
            null,
          ],
        ],
        Array [
          Array [
            null,
          ],
          Array [
            null,
          ],
          Array [
            null,
          ],
          Array [
            null,
          ],
          Array [
            null,
          ],
        ],
        Array [
          Array [
            null,
          ],
          Array [
            null,
          ],
          Array [
            null,
          ],
          Array [
            null,
          ],
          Array [
            null,
          ],
        ],
        Array [
          Array [
            null,
          ],
          Array [
            null,
          ],
          Array [
            null,
          ],
          Array [
            null,
          ],
          Array [
            null,
          ],
        ],
      ],
    ],
  ],
  Array [
    Array [
      Array [
        Array [
          Array [
            null,
          ],
          Array [
            null,
          ],
          Array [
            null,
          ],
          Array [
            null,
          ],
          Array [
            null,
          ],
        ],
        Array [
          Array [
            null,
          ],
          Array [
            null,
          ],
          Array [
            null,
          ],
          Array [
            null,
          ],
          Array [
            null,
          ],
        ],
        Array [
          Array [
            null,
          ],
          Array [
            null,
          ],
          Array [
            null,
          ],
          Array [
            null,
          ],
          Array [
            null,
          ],
        ],
        Array [
          Array [
            null,
          ],
          Array [
            null,
          ],
          Array [
            null,
          ],
          Array [
            null,
          ],
          Array [
            null,
          ],
        ],
        Array [
          Array [
            null,
          ],
          Array [
            null,
          ],
          Array [
            null,
          ],
          Array [
            null,
          ],
          Array [
            null,
          ],
        ],
      ],
    ],
    Array [
      Array [
        Array [
          Array [
            null,
          ],
          Array [
            null,
          ],
          Array [
            null,
          ],
          Array [
            null,
          ],
          Array [
            null,
          ],
        ],
        Array [
          Array [
            null,
          ],
          Array [
            null,
          ],
          Array [
            null,
          ],
          Array [
            null,
          ],
          Array [
            null,
          ],
        ],
        Array [
          Array [
            null,
          ],
          Array [
            null,
          ],
          Array [
            null,
          ],
          Array [
            null,
          ],
          Array [
            null,
          ],
        ],
        Array [
          Array [
            null,
          ],
          Array [
            null,
          ],
          Array [
            null,
          ],
          Array [
            null,
          ],
          Array [
            null,
          ],
        ],
        Array [
          Array [
            null,
          ],
          Array [
            null,
          ],
          Array [
            null,
          ],
          Array [
            null,
          ],
          Array [
            null,
          ],
        ],
      ],
    ],
    Array [
      Array [
        Array [
          Array [
            null,
          ],
          Array [
            null,
          ],
          Array [
            null,
          ],
          Array [
            null,
          ],
          Array [
            null,
          ],
        ],
        Array [
          Array [
            null,
          ],
          Array [
            null,
          ],
          Array [
            null,
          ],
          Array [
            null,
          ],
          Array [
            null,
          ],
        ],
        Array [
          Array [
            null,
          ],
          Array [
            null,
          ],
          Array [
            null,
          ],
          Array [
            null,
          ],
          Array [
            null,
          ],
        ],
        Array [
          Array [
            null,
          ],
          Array [
            null,
          ],
          Array [
            null,
          ],
          Array [
            null,
          ],
          Array [
            null,
          ],
        ],
        Array [
          Array [
            null,
          ],
          Array [
            null,
          ],
          Array [
            null,
          ],
          Array [
            null,
          ],
          Array [
            null,
          ],
        ],
      ],
    ],
    Array [
      Array [
        Array [
          Array [
            null,
          ],
          Array [
            null,
          ],
          Array [
            null,
          ],
          Array [
            null,
          ],
          Array [
            null,
          ],
        ],
        Array [
          Array [
            null,
          ],
          Array [
            null,
          ],
          Array [
            null,
          ],
          Array [
            null,
          ],
          Array [
            null,
          ],
        ],
        Array [
          Array [
            null,
          ],
          Array [
            null,
          ],
          Array [
            null,
          ],
          Array [
            null,
          ],
          Array [
            null,
          ],
        ],
        Array [
          Array [
            null,
          ],
          Array [
            null,
          ],
          Array [
            null,
          ],
          Array [
            null,
          ],
          Array [
            null,
          ],
        ],
        Array [
          Array [
            null,
          ],
          Array [
            null,
          ],
          Array [
            null,
          ],
          Array [
            null,
          ],
          Array [
            null,
          ],
        ],
      ],
    ],
  ],
]
`;

exports[`2x6x2x5x2 test - No initialValues 1`] = `
Array [
  Array [
    Array [
      Array [
        Array [
          null,
          null,
        ],
        Array [
          null,
          null,
        ],
        Array [
          null,
          null,
        ],
        Array [
          null,
          null,
        ],
        Array [
          null,
          null,
        ],
      ],
      Array [
        Array [
          null,
          null,
        ],
        Array [
          null,
          null,
        ],
        Array [
          null,
          null,
        ],
        Array [
          null,
          null,
        ],
        Array [
          null,
          null,
        ],
      ],
    ],
    Array [
      Array [
        Array [
          null,
          null,
        ],
        Array [
          null,
          null,
        ],
        Array [
          null,
          null,
        ],
        Array [
          null,
          null,
        ],
        Array [
          null,
          null,
        ],
      ],
      Array [
        Array [
          null,
          null,
        ],
        Array [
          null,
          null,
        ],
        Array [
          null,
          null,
        ],
        Array [
          null,
          null,
        ],
        Array [
          null,
          null,
        ],
      ],
    ],
    Array [
      Array [
        Array [
          null,
          null,
        ],
        Array [
          null,
          null,
        ],
        Array [
          null,
          null,
        ],
        Array [
          null,
          null,
        ],
        Array [
          null,
          null,
        ],
      ],
      Array [
        Array [
          null,
          null,
        ],
        Array [
          null,
          null,
        ],
        Array [
          null,
          null,
        ],
        Array [
          null,
          null,
        ],
        Array [
          null,
          null,
        ],
      ],
    ],
    Array [
      Array [
        Array [
          null,
          null,
        ],
        Array [
          null,
          null,
        ],
        Array [
          null,
          null,
        ],
        Array [
          null,
          null,
        ],
        Array [
          null,
          null,
        ],
      ],
      Array [
        Array [
          null,
          null,
        ],
        Array [
          null,
          null,
        ],
        Array [
          null,
          null,
        ],
        Array [
          null,
          null,
        ],
        Array [
          null,
          null,
        ],
      ],
    ],
    Array [
      Array [
        Array [
          null,
          null,
        ],
        Array [
          null,
          null,
        ],
        Array [
          null,
          null,
        ],
        Array [
          null,
          null,
        ],
        Array [
          null,
          null,
        ],
      ],
      Array [
        Array [
          null,
          null,
        ],
        Array [
          null,
          null,
        ],
        Array [
          null,
          null,
        ],
        Array [
          null,
          null,
        ],
        Array [
          null,
          null,
        ],
      ],
    ],
    Array [
      Array [
        Array [
          null,
          null,
        ],
        Array [
          null,
          null,
        ],
        Array [
          null,
          null,
        ],
        Array [
          null,
          null,
        ],
        Array [
          null,
          null,
        ],
      ],
      Array [
        Array [
          null,
          null,
        ],
        Array [
          null,
          null,
        ],
        Array [
          null,
          null,
        ],
        Array [
          null,
          null,
        ],
        Array [
          null,
          null,
        ],
      ],
    ],
  ],
  Array [
    Array [
      Array [
        Array [
          null,
          null,
        ],
        Array [
          null,
          null,
        ],
        Array [
          null,
          null,
        ],
        Array [
          null,
          null,
        ],
        Array [
          null,
          null,
        ],
      ],
      Array [
        Array [
          null,
          null,
        ],
        Array [
          null,
          null,
        ],
        Array [
          null,
          null,
        ],
        Array [
          null,
          null,
        ],
        Array [
          null,
          null,
        ],
      ],
    ],
    Array [
      Array [
        Array [
          null,
          null,
        ],
        Array [
          null,
          null,
        ],
        Array [
          null,
          null,
        ],
        Array [
          null,
          null,
        ],
        Array [
          null,
          null,
        ],
      ],
      Array [
        Array [
          null,
          null,
        ],
        Array [
          null,
          null,
        ],
        Array [
          null,
          null,
        ],
        Array [
          null,
          null,
        ],
        Array [
          null,
          null,
        ],
      ],
    ],
    Array [
      Array [
        Array [
          null,
          null,
        ],
        Array [
          null,
          null,
        ],
        Array [
          null,
          null,
        ],
        Array [
          null,
          null,
        ],
        Array [
          null,
          null,
        ],
      ],
      Array [
        Array [
          null,
          null,
        ],
        Array [
          null,
          null,
        ],
        Array [
          null,
          null,
        ],
        Array [
          null,
          null,
        ],
        Array [
          null,
          null,
        ],
      ],
    ],
    Array [
      Array [
        Array [
          null,
          null,
        ],
        Array [
          null,
          null,
        ],
        Array [
          null,
          null,
        ],
        Array [
          null,
          null,
        ],
        Array [
          null,
          null,
        ],
      ],
      Array [
        Array [
          null,
          null,
        ],
        Array [
          null,
          null,
        ],
        Array [
          null,
          null,
        ],
        Array [
          null,
          null,
        ],
        Array [
          null,
          null,
        ],
      ],
    ],
    Array [
      Array [
        Array [
          null,
          null,
        ],
        Array [
          null,
          null,
        ],
        Array [
          null,
          null,
        ],
        Array [
          null,
          null,
        ],
        Array [
          null,
          null,
        ],
      ],
      Array [
        Array [
          null,
          null,
        ],
        Array [
          null,
          null,
        ],
        Array [
          null,
          null,
        ],
        Array [
          null,
          null,
        ],
        Array [
          null,
          null,
        ],
      ],
    ],
    Array [
      Array [
        Array [
          null,
          null,
        ],
        Array [
          null,
          null,
        ],
        Array [
          null,
          null,
        ],
        Array [
          null,
          null,
        ],
        Array [
          null,
          null,
        ],
      ],
      Array [
        Array [
          null,
          null,
        ],
        Array [
          null,
          null,
        ],
        Array [
          null,
          null,
        ],
        Array [
          null,
          null,
        ],
        Array [
          null,
          null,
        ],
      ],
    ],
  ],
]
`;

exports[`3x3x3 test - No initialValues 1`] = `
Array [
  Array [
    Array [
      null,
      null,
      null,
    ],
    Array [
      null,
      null,
      null,
    ],
  ],
  Array [
    Array [
      null,
      null,
      null,
    ],
    Array [
      null,
      null,
      null,
    ],
  ],
  Array [
    Array [
      null,
      null,
      null,
    ],
    Array [
      null,
      null,
      null,
    ],
  ],
]
`;

exports[`4x11 test - No initialValues 1`] = `
Array [
  Array [
    null,
    null,
    null,
    null,
    null,
    null,
    null,
    null,
    null,
    null,
    null,
  ],
  Array [
    null,
    null,
    null,
    null,
    null,
    null,
    null,
    null,
    null,
    null,
    null,
  ],
  Array [
    null,
    null,
    null,
    null,
    null,
    null,
    null,
    null,
    null,
    null,
    null,
  ],
  Array [
    null,
    null,
    null,
    null,
    null,
    null,
    null,
    null,
    null,
    null,
    null,
  ],
]
`;

exports[`length: 1 test - No initialValues 1`] = `
Array [
  null,
]
`;

exports[`length: 2 test - No initialValues 1`] = `
Array [
  null,
  null,
]
`;

exports[`length: 7 test - No initialValues 1`] = `
Array [
  null,
  null,
  null,
  null,
  null,
  null,
  null,
]
`;
