// Vitest Snapshot v1, https://vitest.dev/guide/snapshot.html

exports[`makeMatrix > callback initial values — math > %p [ 1, 1 ] 1`] = `
[
  [
    8,
  ],
]
`;

exports[`makeMatrix > callback initial values — math > %p [ 1, 4, 5, 2 ] 1`] = `
[
  [
    [
      [
        8,
        8,
      ],
      [
        8,
        8,
      ],
      [
        8,
        8,
      ],
      [
        8,
        8,
      ],
      [
        8,
        8,
      ],
    ],
    [
      [
        8,
        8,
      ],
      [
        8,
        8,
      ],
      [
        8,
        8,
      ],
      [
        8,
        8,
      ],
      [
        8,
        8,
      ],
    ],
    [
      [
        8,
        8,
      ],
      [
        8,
        8,
      ],
      [
        8,
        8,
      ],
      [
        8,
        8,
      ],
      [
        8,
        8,
      ],
    ],
    [
      [
        8,
        8,
      ],
      [
        8,
        8,
      ],
      [
        8,
        8,
      ],
      [
        8,
        8,
      ],
      [
        8,
        8,
      ],
    ],
  ],
]
`;

exports[`makeMatrix > callback initial values — math > %p [ 2, 4, 2, 4, 2 ] 1`] = `
[
  [
    [
      [
        [
          8,
          8,
        ],
        [
          8,
          8,
        ],
        [
          8,
          8,
        ],
        [
          8,
          8,
        ],
      ],
      [
        [
          8,
          8,
        ],
        [
          8,
          8,
        ],
        [
          8,
          8,
        ],
        [
          8,
          8,
        ],
      ],
    ],
    [
      [
        [
          8,
          8,
        ],
        [
          8,
          8,
        ],
        [
          8,
          8,
        ],
        [
          8,
          8,
        ],
      ],
      [
        [
          8,
          8,
        ],
        [
          8,
          8,
        ],
        [
          8,
          8,
        ],
        [
          8,
          8,
        ],
      ],
    ],
    [
      [
        [
          8,
          8,
        ],
        [
          8,
          8,
        ],
        [
          8,
          8,
        ],
        [
          8,
          8,
        ],
      ],
      [
        [
          8,
          8,
        ],
        [
          8,
          8,
        ],
        [
          8,
          8,
        ],
        [
          8,
          8,
        ],
      ],
    ],
    [
      [
        [
          8,
          8,
        ],
        [
          8,
          8,
        ],
        [
          8,
          8,
        ],
        [
          8,
          8,
        ],
      ],
      [
        [
          8,
          8,
        ],
        [
          8,
          8,
        ],
        [
          8,
          8,
        ],
        [
          8,
          8,
        ],
      ],
    ],
  ],
  [
    [
      [
        [
          8,
          8,
        ],
        [
          8,
          8,
        ],
        [
          8,
          8,
        ],
        [
          8,
          8,
        ],
      ],
      [
        [
          8,
          8,
        ],
        [
          8,
          8,
        ],
        [
          8,
          8,
        ],
        [
          8,
          8,
        ],
      ],
    ],
    [
      [
        [
          8,
          8,
        ],
        [
          8,
          8,
        ],
        [
          8,
          8,
        ],
        [
          8,
          8,
        ],
      ],
      [
        [
          8,
          8,
        ],
        [
          8,
          8,
        ],
        [
          8,
          8,
        ],
        [
          8,
          8,
        ],
      ],
    ],
    [
      [
        [
          8,
          8,
        ],
        [
          8,
          8,
        ],
        [
          8,
          8,
        ],
        [
          8,
          8,
        ],
      ],
      [
        [
          8,
          8,
        ],
        [
          8,
          8,
        ],
        [
          8,
          8,
        ],
        [
          8,
          8,
        ],
      ],
    ],
    [
      [
        [
          8,
          8,
        ],
        [
          8,
          8,
        ],
        [
          8,
          8,
        ],
        [
          8,
          8,
        ],
      ],
      [
        [
          8,
          8,
        ],
        [
          8,
          8,
        ],
        [
          8,
          8,
        ],
        [
          8,
          8,
        ],
      ],
    ],
  ],
]
`;

exports[`makeMatrix > callback initial values — math > %p [ 3, 2, 3 ] 1`] = `
[
  [
    [
      8,
      8,
      8,
    ],
    [
      8,
      8,
      8,
    ],
  ],
  [
    [
      8,
      8,
      8,
    ],
    [
      8,
      8,
      8,
    ],
  ],
  [
    [
      8,
      8,
      8,
    ],
    [
      8,
      8,
      8,
    ],
  ],
]
`;

exports[`makeMatrix > callback initial values — math > %p [ 6 ] 1`] = `
[
  8,
  8,
  8,
  8,
  8,
  8,
]
`;

exports[`makeMatrix > no initial values > %p [ 1, 1 ] 1`] = `
[
  [
    null,
  ],
]
`;

exports[`makeMatrix > no initial values > %p [ 1, 4, 5, 2 ] 1`] = `
[
  [
    [
      [
        null,
        null,
      ],
      [
        null,
        null,
      ],
      [
        null,
        null,
      ],
      [
        null,
        null,
      ],
      [
        null,
        null,
      ],
    ],
    [
      [
        null,
        null,
      ],
      [
        null,
        null,
      ],
      [
        null,
        null,
      ],
      [
        null,
        null,
      ],
      [
        null,
        null,
      ],
    ],
    [
      [
        null,
        null,
      ],
      [
        null,
        null,
      ],
      [
        null,
        null,
      ],
      [
        null,
        null,
      ],
      [
        null,
        null,
      ],
    ],
    [
      [
        null,
        null,
      ],
      [
        null,
        null,
      ],
      [
        null,
        null,
      ],
      [
        null,
        null,
      ],
      [
        null,
        null,
      ],
    ],
  ],
]
`;

exports[`makeMatrix > no initial values > %p [ 2, 4, 2, 4, 2 ] 1`] = `
[
  [
    [
      [
        [
          null,
          null,
        ],
        [
          null,
          null,
        ],
        [
          null,
          null,
        ],
        [
          null,
          null,
        ],
      ],
      [
        [
          null,
          null,
        ],
        [
          null,
          null,
        ],
        [
          null,
          null,
        ],
        [
          null,
          null,
        ],
      ],
    ],
    [
      [
        [
          null,
          null,
        ],
        [
          null,
          null,
        ],
        [
          null,
          null,
        ],
        [
          null,
          null,
        ],
      ],
      [
        [
          null,
          null,
        ],
        [
          null,
          null,
        ],
        [
          null,
          null,
        ],
        [
          null,
          null,
        ],
      ],
    ],
    [
      [
        [
          null,
          null,
        ],
        [
          null,
          null,
        ],
        [
          null,
          null,
        ],
        [
          null,
          null,
        ],
      ],
      [
        [
          null,
          null,
        ],
        [
          null,
          null,
        ],
        [
          null,
          null,
        ],
        [
          null,
          null,
        ],
      ],
    ],
    [
      [
        [
          null,
          null,
        ],
        [
          null,
          null,
        ],
        [
          null,
          null,
        ],
        [
          null,
          null,
        ],
      ],
      [
        [
          null,
          null,
        ],
        [
          null,
          null,
        ],
        [
          null,
          null,
        ],
        [
          null,
          null,
        ],
      ],
    ],
  ],
  [
    [
      [
        [
          null,
          null,
        ],
        [
          null,
          null,
        ],
        [
          null,
          null,
        ],
        [
          null,
          null,
        ],
      ],
      [
        [
          null,
          null,
        ],
        [
          null,
          null,
        ],
        [
          null,
          null,
        ],
        [
          null,
          null,
        ],
      ],
    ],
    [
      [
        [
          null,
          null,
        ],
        [
          null,
          null,
        ],
        [
          null,
          null,
        ],
        [
          null,
          null,
        ],
      ],
      [
        [
          null,
          null,
        ],
        [
          null,
          null,
        ],
        [
          null,
          null,
        ],
        [
          null,
          null,
        ],
      ],
    ],
    [
      [
        [
          null,
          null,
        ],
        [
          null,
          null,
        ],
        [
          null,
          null,
        ],
        [
          null,
          null,
        ],
      ],
      [
        [
          null,
          null,
        ],
        [
          null,
          null,
        ],
        [
          null,
          null,
        ],
        [
          null,
          null,
        ],
      ],
    ],
    [
      [
        [
          null,
          null,
        ],
        [
          null,
          null,
        ],
        [
          null,
          null,
        ],
        [
          null,
          null,
        ],
      ],
      [
        [
          null,
          null,
        ],
        [
          null,
          null,
        ],
        [
          null,
          null,
        ],
        [
          null,
          null,
        ],
      ],
    ],
  ],
]
`;

exports[`makeMatrix > no initial values > %p [ 3, 2, 3 ] 1`] = `
[
  [
    [
      null,
      null,
      null,
    ],
    [
      null,
      null,
      null,
    ],
  ],
  [
    [
      null,
      null,
      null,
    ],
    [
      null,
      null,
      null,
    ],
  ],
  [
    [
      null,
      null,
      null,
    ],
    [
      null,
      null,
      null,
    ],
  ],
]
`;

exports[`makeMatrix > no initial values > %p [ 6 ] 1`] = `
[
  null,
  null,
  null,
  null,
  null,
  null,
]
`;

exports[`makeMatrix > number initial values > %p [ 1, 1 ] 1`] = `
[
  [
    0,
  ],
]
`;

exports[`makeMatrix > number initial values > %p [ 1, 4, 5, 2 ] 1`] = `
[
  [
    [
      [
        0,
        0,
      ],
      [
        0,
        0,
      ],
      [
        0,
        0,
      ],
      [
        0,
        0,
      ],
      [
        0,
        0,
      ],
    ],
    [
      [
        0,
        0,
      ],
      [
        0,
        0,
      ],
      [
        0,
        0,
      ],
      [
        0,
        0,
      ],
      [
        0,
        0,
      ],
    ],
    [
      [
        0,
        0,
      ],
      [
        0,
        0,
      ],
      [
        0,
        0,
      ],
      [
        0,
        0,
      ],
      [
        0,
        0,
      ],
    ],
    [
      [
        0,
        0,
      ],
      [
        0,
        0,
      ],
      [
        0,
        0,
      ],
      [
        0,
        0,
      ],
      [
        0,
        0,
      ],
    ],
  ],
]
`;

exports[`makeMatrix > number initial values > %p [ 2, 4, 2, 4, 2 ] 1`] = `
[
  [
    [
      [
        [
          0,
          0,
        ],
        [
          0,
          0,
        ],
        [
          0,
          0,
        ],
        [
          0,
          0,
        ],
      ],
      [
        [
          0,
          0,
        ],
        [
          0,
          0,
        ],
        [
          0,
          0,
        ],
        [
          0,
          0,
        ],
      ],
    ],
    [
      [
        [
          0,
          0,
        ],
        [
          0,
          0,
        ],
        [
          0,
          0,
        ],
        [
          0,
          0,
        ],
      ],
      [
        [
          0,
          0,
        ],
        [
          0,
          0,
        ],
        [
          0,
          0,
        ],
        [
          0,
          0,
        ],
      ],
    ],
    [
      [
        [
          0,
          0,
        ],
        [
          0,
          0,
        ],
        [
          0,
          0,
        ],
        [
          0,
          0,
        ],
      ],
      [
        [
          0,
          0,
        ],
        [
          0,
          0,
        ],
        [
          0,
          0,
        ],
        [
          0,
          0,
        ],
      ],
    ],
    [
      [
        [
          0,
          0,
        ],
        [
          0,
          0,
        ],
        [
          0,
          0,
        ],
        [
          0,
          0,
        ],
      ],
      [
        [
          0,
          0,
        ],
        [
          0,
          0,
        ],
        [
          0,
          0,
        ],
        [
          0,
          0,
        ],
      ],
    ],
  ],
  [
    [
      [
        [
          0,
          0,
        ],
        [
          0,
          0,
        ],
        [
          0,
          0,
        ],
        [
          0,
          0,
        ],
      ],
      [
        [
          0,
          0,
        ],
        [
          0,
          0,
        ],
        [
          0,
          0,
        ],
        [
          0,
          0,
        ],
      ],
    ],
    [
      [
        [
          0,
          0,
        ],
        [
          0,
          0,
        ],
        [
          0,
          0,
        ],
        [
          0,
          0,
        ],
      ],
      [
        [
          0,
          0,
        ],
        [
          0,
          0,
        ],
        [
          0,
          0,
        ],
        [
          0,
          0,
        ],
      ],
    ],
    [
      [
        [
          0,
          0,
        ],
        [
          0,
          0,
        ],
        [
          0,
          0,
        ],
        [
          0,
          0,
        ],
      ],
      [
        [
          0,
          0,
        ],
        [
          0,
          0,
        ],
        [
          0,
          0,
        ],
        [
          0,
          0,
        ],
      ],
    ],
    [
      [
        [
          0,
          0,
        ],
        [
          0,
          0,
        ],
        [
          0,
          0,
        ],
        [
          0,
          0,
        ],
      ],
      [
        [
          0,
          0,
        ],
        [
          0,
          0,
        ],
        [
          0,
          0,
        ],
        [
          0,
          0,
        ],
      ],
    ],
  ],
]
`;

exports[`makeMatrix > number initial values > %p [ 3, 2, 3 ] 1`] = `
[
  [
    [
      0,
      0,
      0,
    ],
    [
      0,
      0,
      0,
    ],
  ],
  [
    [
      0,
      0,
      0,
    ],
    [
      0,
      0,
      0,
    ],
  ],
  [
    [
      0,
      0,
      0,
    ],
    [
      0,
      0,
      0,
    ],
  ],
]
`;

exports[`makeMatrix > number initial values > %p [ 6 ] 1`] = `
[
  0,
  0,
  0,
  0,
  0,
  0,
]
`;

exports[`makeMatrix > self aware callback initial values > %p [ 1, 1 ] 1`] = `
[
  [
    [
      0,
      0,
    ],
  ],
]
`;

exports[`makeMatrix > self aware callback initial values > %p [ 1, 4, 5, 2 ] 1`] = `
[
  [
    [
      [
        [
          0,
          0,
          0,
          0,
        ],
        [
          0,
          0,
          0,
          1,
        ],
      ],
      [
        [
          0,
          0,
          1,
          0,
        ],
        [
          0,
          0,
          1,
          1,
        ],
      ],
      [
        [
          0,
          0,
          2,
          0,
        ],
        [
          0,
          0,
          2,
          1,
        ],
      ],
      [
        [
          0,
          0,
          3,
          0,
        ],
        [
          0,
          0,
          3,
          1,
        ],
      ],
      [
        [
          0,
          0,
          4,
          0,
        ],
        [
          0,
          0,
          4,
          1,
        ],
      ],
    ],
    [
      [
        [
          0,
          1,
          0,
          0,
        ],
        [
          0,
          1,
          0,
          1,
        ],
      ],
      [
        [
          0,
          1,
          1,
          0,
        ],
        [
          0,
          1,
          1,
          1,
        ],
      ],
      [
        [
          0,
          1,
          2,
          0,
        ],
        [
          0,
          1,
          2,
          1,
        ],
      ],
      [
        [
          0,
          1,
          3,
          0,
        ],
        [
          0,
          1,
          3,
          1,
        ],
      ],
      [
        [
          0,
          1,
          4,
          0,
        ],
        [
          0,
          1,
          4,
          1,
        ],
      ],
    ],
    [
      [
        [
          0,
          2,
          0,
          0,
        ],
        [
          0,
          2,
          0,
          1,
        ],
      ],
      [
        [
          0,
          2,
          1,
          0,
        ],
        [
          0,
          2,
          1,
          1,
        ],
      ],
      [
        [
          0,
          2,
          2,
          0,
        ],
        [
          0,
          2,
          2,
          1,
        ],
      ],
      [
        [
          0,
          2,
          3,
          0,
        ],
        [
          0,
          2,
          3,
          1,
        ],
      ],
      [
        [
          0,
          2,
          4,
          0,
        ],
        [
          0,
          2,
          4,
          1,
        ],
      ],
    ],
    [
      [
        [
          0,
          3,
          0,
          0,
        ],
        [
          0,
          3,
          0,
          1,
        ],
      ],
      [
        [
          0,
          3,
          1,
          0,
        ],
        [
          0,
          3,
          1,
          1,
        ],
      ],
      [
        [
          0,
          3,
          2,
          0,
        ],
        [
          0,
          3,
          2,
          1,
        ],
      ],
      [
        [
          0,
          3,
          3,
          0,
        ],
        [
          0,
          3,
          3,
          1,
        ],
      ],
      [
        [
          0,
          3,
          4,
          0,
        ],
        [
          0,
          3,
          4,
          1,
        ],
      ],
    ],
  ],
]
`;

exports[`makeMatrix > self aware callback initial values > %p [ 2, 4, 2, 4, 2 ] 1`] = `
[
  [
    [
      [
        [
          [
            0,
            0,
            0,
            0,
            0,
          ],
          [
            0,
            0,
            0,
            0,
            1,
          ],
        ],
        [
          [
            0,
            0,
            0,
            1,
            0,
          ],
          [
            0,
            0,
            0,
            1,
            1,
          ],
        ],
        [
          [
            0,
            0,
            0,
            2,
            0,
          ],
          [
            0,
            0,
            0,
            2,
            1,
          ],
        ],
        [
          [
            0,
            0,
            0,
            3,
            0,
          ],
          [
            0,
            0,
            0,
            3,
            1,
          ],
        ],
      ],
      [
        [
          [
            0,
            0,
            1,
            0,
            0,
          ],
          [
            0,
            0,
            1,
            0,
            1,
          ],
        ],
        [
          [
            0,
            0,
            1,
            1,
            0,
          ],
          [
            0,
            0,
            1,
            1,
            1,
          ],
        ],
        [
          [
            0,
            0,
            1,
            2,
            0,
          ],
          [
            0,
            0,
            1,
            2,
            1,
          ],
        ],
        [
          [
            0,
            0,
            1,
            3,
            0,
          ],
          [
            0,
            0,
            1,
            3,
            1,
          ],
        ],
      ],
    ],
    [
      [
        [
          [
            0,
            1,
            0,
            0,
            0,
          ],
          [
            0,
            1,
            0,
            0,
            1,
          ],
        ],
        [
          [
            0,
            1,
            0,
            1,
            0,
          ],
          [
            0,
            1,
            0,
            1,
            1,
          ],
        ],
        [
          [
            0,
            1,
            0,
            2,
            0,
          ],
          [
            0,
            1,
            0,
            2,
            1,
          ],
        ],
        [
          [
            0,
            1,
            0,
            3,
            0,
          ],
          [
            0,
            1,
            0,
            3,
            1,
          ],
        ],
      ],
      [
        [
          [
            0,
            1,
            1,
            0,
            0,
          ],
          [
            0,
            1,
            1,
            0,
            1,
          ],
        ],
        [
          [
            0,
            1,
            1,
            1,
            0,
          ],
          [
            0,
            1,
            1,
            1,
            1,
          ],
        ],
        [
          [
            0,
            1,
            1,
            2,
            0,
          ],
          [
            0,
            1,
            1,
            2,
            1,
          ],
        ],
        [
          [
            0,
            1,
            1,
            3,
            0,
          ],
          [
            0,
            1,
            1,
            3,
            1,
          ],
        ],
      ],
    ],
    [
      [
        [
          [
            0,
            2,
            0,
            0,
            0,
          ],
          [
            0,
            2,
            0,
            0,
            1,
          ],
        ],
        [
          [
            0,
            2,
            0,
            1,
            0,
          ],
          [
            0,
            2,
            0,
            1,
            1,
          ],
        ],
        [
          [
            0,
            2,
            0,
            2,
            0,
          ],
          [
            0,
            2,
            0,
            2,
            1,
          ],
        ],
        [
          [
            0,
            2,
            0,
            3,
            0,
          ],
          [
            0,
            2,
            0,
            3,
            1,
          ],
        ],
      ],
      [
        [
          [
            0,
            2,
            1,
            0,
            0,
          ],
          [
            0,
            2,
            1,
            0,
            1,
          ],
        ],
        [
          [
            0,
            2,
            1,
            1,
            0,
          ],
          [
            0,
            2,
            1,
            1,
            1,
          ],
        ],
        [
          [
            0,
            2,
            1,
            2,
            0,
          ],
          [
            0,
            2,
            1,
            2,
            1,
          ],
        ],
        [
          [
            0,
            2,
            1,
            3,
            0,
          ],
          [
            0,
            2,
            1,
            3,
            1,
          ],
        ],
      ],
    ],
    [
      [
        [
          [
            0,
            3,
            0,
            0,
            0,
          ],
          [
            0,
            3,
            0,
            0,
            1,
          ],
        ],
        [
          [
            0,
            3,
            0,
            1,
            0,
          ],
          [
            0,
            3,
            0,
            1,
            1,
          ],
        ],
        [
          [
            0,
            3,
            0,
            2,
            0,
          ],
          [
            0,
            3,
            0,
            2,
            1,
          ],
        ],
        [
          [
            0,
            3,
            0,
            3,
            0,
          ],
          [
            0,
            3,
            0,
            3,
            1,
          ],
        ],
      ],
      [
        [
          [
            0,
            3,
            1,
            0,
            0,
          ],
          [
            0,
            3,
            1,
            0,
            1,
          ],
        ],
        [
          [
            0,
            3,
            1,
            1,
            0,
          ],
          [
            0,
            3,
            1,
            1,
            1,
          ],
        ],
        [
          [
            0,
            3,
            1,
            2,
            0,
          ],
          [
            0,
            3,
            1,
            2,
            1,
          ],
        ],
        [
          [
            0,
            3,
            1,
            3,
            0,
          ],
          [
            0,
            3,
            1,
            3,
            1,
          ],
        ],
      ],
    ],
  ],
  [
    [
      [
        [
          [
            1,
            0,
            0,
            0,
            0,
          ],
          [
            1,
            0,
            0,
            0,
            1,
          ],
        ],
        [
          [
            1,
            0,
            0,
            1,
            0,
          ],
          [
            1,
            0,
            0,
            1,
            1,
          ],
        ],
        [
          [
            1,
            0,
            0,
            2,
            0,
          ],
          [
            1,
            0,
            0,
            2,
            1,
          ],
        ],
        [
          [
            1,
            0,
            0,
            3,
            0,
          ],
          [
            1,
            0,
            0,
            3,
            1,
          ],
        ],
      ],
      [
        [
          [
            1,
            0,
            1,
            0,
            0,
          ],
          [
            1,
            0,
            1,
            0,
            1,
          ],
        ],
        [
          [
            1,
            0,
            1,
            1,
            0,
          ],
          [
            1,
            0,
            1,
            1,
            1,
          ],
        ],
        [
          [
            1,
            0,
            1,
            2,
            0,
          ],
          [
            1,
            0,
            1,
            2,
            1,
          ],
        ],
        [
          [
            1,
            0,
            1,
            3,
            0,
          ],
          [
            1,
            0,
            1,
            3,
            1,
          ],
        ],
      ],
    ],
    [
      [
        [
          [
            1,
            1,
            0,
            0,
            0,
          ],
          [
            1,
            1,
            0,
            0,
            1,
          ],
        ],
        [
          [
            1,
            1,
            0,
            1,
            0,
          ],
          [
            1,
            1,
            0,
            1,
            1,
          ],
        ],
        [
          [
            1,
            1,
            0,
            2,
            0,
          ],
          [
            1,
            1,
            0,
            2,
            1,
          ],
        ],
        [
          [
            1,
            1,
            0,
            3,
            0,
          ],
          [
            1,
            1,
            0,
            3,
            1,
          ],
        ],
      ],
      [
        [
          [
            1,
            1,
            1,
            0,
            0,
          ],
          [
            1,
            1,
            1,
            0,
            1,
          ],
        ],
        [
          [
            1,
            1,
            1,
            1,
            0,
          ],
          [
            1,
            1,
            1,
            1,
            1,
          ],
        ],
        [
          [
            1,
            1,
            1,
            2,
            0,
          ],
          [
            1,
            1,
            1,
            2,
            1,
          ],
        ],
        [
          [
            1,
            1,
            1,
            3,
            0,
          ],
          [
            1,
            1,
            1,
            3,
            1,
          ],
        ],
      ],
    ],
    [
      [
        [
          [
            1,
            2,
            0,
            0,
            0,
          ],
          [
            1,
            2,
            0,
            0,
            1,
          ],
        ],
        [
          [
            1,
            2,
            0,
            1,
            0,
          ],
          [
            1,
            2,
            0,
            1,
            1,
          ],
        ],
        [
          [
            1,
            2,
            0,
            2,
            0,
          ],
          [
            1,
            2,
            0,
            2,
            1,
          ],
        ],
        [
          [
            1,
            2,
            0,
            3,
            0,
          ],
          [
            1,
            2,
            0,
            3,
            1,
          ],
        ],
      ],
      [
        [
          [
            1,
            2,
            1,
            0,
            0,
          ],
          [
            1,
            2,
            1,
            0,
            1,
          ],
        ],
        [
          [
            1,
            2,
            1,
            1,
            0,
          ],
          [
            1,
            2,
            1,
            1,
            1,
          ],
        ],
        [
          [
            1,
            2,
            1,
            2,
            0,
          ],
          [
            1,
            2,
            1,
            2,
            1,
          ],
        ],
        [
          [
            1,
            2,
            1,
            3,
            0,
          ],
          [
            1,
            2,
            1,
            3,
            1,
          ],
        ],
      ],
    ],
    [
      [
        [
          [
            1,
            3,
            0,
            0,
            0,
          ],
          [
            1,
            3,
            0,
            0,
            1,
          ],
        ],
        [
          [
            1,
            3,
            0,
            1,
            0,
          ],
          [
            1,
            3,
            0,
            1,
            1,
          ],
        ],
        [
          [
            1,
            3,
            0,
            2,
            0,
          ],
          [
            1,
            3,
            0,
            2,
            1,
          ],
        ],
        [
          [
            1,
            3,
            0,
            3,
            0,
          ],
          [
            1,
            3,
            0,
            3,
            1,
          ],
        ],
      ],
      [
        [
          [
            1,
            3,
            1,
            0,
            0,
          ],
          [
            1,
            3,
            1,
            0,
            1,
          ],
        ],
        [
          [
            1,
            3,
            1,
            1,
            0,
          ],
          [
            1,
            3,
            1,
            1,
            1,
          ],
        ],
        [
          [
            1,
            3,
            1,
            2,
            0,
          ],
          [
            1,
            3,
            1,
            2,
            1,
          ],
        ],
        [
          [
            1,
            3,
            1,
            3,
            0,
          ],
          [
            1,
            3,
            1,
            3,
            1,
          ],
        ],
      ],
    ],
  ],
]
`;

exports[`makeMatrix > self aware callback initial values > %p [ 3, 2, 3 ] 1`] = `
[
  [
    [
      [
        0,
        0,
        0,
      ],
      [
        0,
        0,
        1,
      ],
      [
        0,
        0,
        2,
      ],
    ],
    [
      [
        0,
        1,
        0,
      ],
      [
        0,
        1,
        1,
      ],
      [
        0,
        1,
        2,
      ],
    ],
  ],
  [
    [
      [
        1,
        0,
        0,
      ],
      [
        1,
        0,
        1,
      ],
      [
        1,
        0,
        2,
      ],
    ],
    [
      [
        1,
        1,
        0,
      ],
      [
        1,
        1,
        1,
      ],
      [
        1,
        1,
        2,
      ],
    ],
  ],
  [
    [
      [
        2,
        0,
        0,
      ],
      [
        2,
        0,
        1,
      ],
      [
        2,
        0,
        2,
      ],
    ],
    [
      [
        2,
        1,
        0,
      ],
      [
        2,
        1,
        1,
      ],
      [
        2,
        1,
        2,
      ],
    ],
  ],
]
`;

exports[`makeMatrix > self aware callback initial values > %p [ 6 ] 1`] = `
[
  [
    0,
  ],
  [
    1,
  ],
  [
    2,
  ],
  [
    3,
  ],
  [
    4,
  ],
  [
    5,
  ],
]
`;

exports[`makeMatrix > string initial values > %p [ 1, 1 ] 1`] = `
[
  [
    "string",
  ],
]
`;

exports[`makeMatrix > string initial values > %p [ 1, 4, 5, 2 ] 1`] = `
[
  [
    [
      [
        "string",
        "string",
      ],
      [
        "string",
        "string",
      ],
      [
        "string",
        "string",
      ],
      [
        "string",
        "string",
      ],
      [
        "string",
        "string",
      ],
    ],
    [
      [
        "string",
        "string",
      ],
      [
        "string",
        "string",
      ],
      [
        "string",
        "string",
      ],
      [
        "string",
        "string",
      ],
      [
        "string",
        "string",
      ],
    ],
    [
      [
        "string",
        "string",
      ],
      [
        "string",
        "string",
      ],
      [
        "string",
        "string",
      ],
      [
        "string",
        "string",
      ],
      [
        "string",
        "string",
      ],
    ],
    [
      [
        "string",
        "string",
      ],
      [
        "string",
        "string",
      ],
      [
        "string",
        "string",
      ],
      [
        "string",
        "string",
      ],
      [
        "string",
        "string",
      ],
    ],
  ],
]
`;

exports[`makeMatrix > string initial values > %p [ 2, 4, 2, 4, 2 ] 1`] = `
[
  [
    [
      [
        [
          "string",
          "string",
        ],
        [
          "string",
          "string",
        ],
        [
          "string",
          "string",
        ],
        [
          "string",
          "string",
        ],
      ],
      [
        [
          "string",
          "string",
        ],
        [
          "string",
          "string",
        ],
        [
          "string",
          "string",
        ],
        [
          "string",
          "string",
        ],
      ],
    ],
    [
      [
        [
          "string",
          "string",
        ],
        [
          "string",
          "string",
        ],
        [
          "string",
          "string",
        ],
        [
          "string",
          "string",
        ],
      ],
      [
        [
          "string",
          "string",
        ],
        [
          "string",
          "string",
        ],
        [
          "string",
          "string",
        ],
        [
          "string",
          "string",
        ],
      ],
    ],
    [
      [
        [
          "string",
          "string",
        ],
        [
          "string",
          "string",
        ],
        [
          "string",
          "string",
        ],
        [
          "string",
          "string",
        ],
      ],
      [
        [
          "string",
          "string",
        ],
        [
          "string",
          "string",
        ],
        [
          "string",
          "string",
        ],
        [
          "string",
          "string",
        ],
      ],
    ],
    [
      [
        [
          "string",
          "string",
        ],
        [
          "string",
          "string",
        ],
        [
          "string",
          "string",
        ],
        [
          "string",
          "string",
        ],
      ],
      [
        [
          "string",
          "string",
        ],
        [
          "string",
          "string",
        ],
        [
          "string",
          "string",
        ],
        [
          "string",
          "string",
        ],
      ],
    ],
  ],
  [
    [
      [
        [
          "string",
          "string",
        ],
        [
          "string",
          "string",
        ],
        [
          "string",
          "string",
        ],
        [
          "string",
          "string",
        ],
      ],
      [
        [
          "string",
          "string",
        ],
        [
          "string",
          "string",
        ],
        [
          "string",
          "string",
        ],
        [
          "string",
          "string",
        ],
      ],
    ],
    [
      [
        [
          "string",
          "string",
        ],
        [
          "string",
          "string",
        ],
        [
          "string",
          "string",
        ],
        [
          "string",
          "string",
        ],
      ],
      [
        [
          "string",
          "string",
        ],
        [
          "string",
          "string",
        ],
        [
          "string",
          "string",
        ],
        [
          "string",
          "string",
        ],
      ],
    ],
    [
      [
        [
          "string",
          "string",
        ],
        [
          "string",
          "string",
        ],
        [
          "string",
          "string",
        ],
        [
          "string",
          "string",
        ],
      ],
      [
        [
          "string",
          "string",
        ],
        [
          "string",
          "string",
        ],
        [
          "string",
          "string",
        ],
        [
          "string",
          "string",
        ],
      ],
    ],
    [
      [
        [
          "string",
          "string",
        ],
        [
          "string",
          "string",
        ],
        [
          "string",
          "string",
        ],
        [
          "string",
          "string",
        ],
      ],
      [
        [
          "string",
          "string",
        ],
        [
          "string",
          "string",
        ],
        [
          "string",
          "string",
        ],
        [
          "string",
          "string",
        ],
      ],
    ],
  ],
]
`;

exports[`makeMatrix > string initial values > %p [ 3, 2, 3 ] 1`] = `
[
  [
    [
      "string",
      "string",
      "string",
    ],
    [
      "string",
      "string",
      "string",
    ],
  ],
  [
    [
      "string",
      "string",
      "string",
    ],
    [
      "string",
      "string",
      "string",
    ],
  ],
  [
    [
      "string",
      "string",
      "string",
    ],
    [
      "string",
      "string",
      "string",
    ],
  ],
]
`;

exports[`makeMatrix > string initial values > %p [ 6 ] 1`] = `
[
  "string",
  "string",
  "string",
  "string",
  "string",
  "string",
]
`;
