// Jest Snapshot v1, https://goo.gl/fbAQLP

exports[`makeMatrix callback initial values — math [1, 1] 1`] = `
[
  [
    8,
  ],
]
`;

exports[`makeMatrix callback initial values — math [1, 4, 5, 2] 1`] = `
[
  [
    [
      [
        8,
        8,
      ],
      [
        8,
        8,
      ],
      [
        8,
        8,
      ],
      [
        8,
        8,
      ],
      [
        8,
        8,
      ],
    ],
    [
      [
        8,
        8,
      ],
      [
        8,
        8,
      ],
      [
        8,
        8,
      ],
      [
        8,
        8,
      ],
      [
        8,
        8,
      ],
    ],
    [
      [
        8,
        8,
      ],
      [
        8,
        8,
      ],
      [
        8,
        8,
      ],
      [
        8,
        8,
      ],
      [
        8,
        8,
      ],
    ],
    [
      [
        8,
        8,
      ],
      [
        8,
        8,
      ],
      [
        8,
        8,
      ],
      [
        8,
        8,
      ],
      [
        8,
        8,
      ],
    ],
  ],
]
`;

exports[`makeMatrix callback initial values — math [2, 4, 2, 4, 2] 1`] = `
[
  [
    [
      [
        [
          8,
          8,
        ],
        [
          8,
          8,
        ],
        [
          8,
          8,
        ],
        [
          8,
          8,
        ],
      ],
      [
        [
          8,
          8,
        ],
        [
          8,
          8,
        ],
        [
          8,
          8,
        ],
        [
          8,
          8,
        ],
      ],
    ],
    [
      [
        [
          8,
          8,
        ],
        [
          8,
          8,
        ],
        [
          8,
          8,
        ],
        [
          8,
          8,
        ],
      ],
      [
        [
          8,
          8,
        ],
        [
          8,
          8,
        ],
        [
          8,
          8,
        ],
        [
          8,
          8,
        ],
      ],
    ],
    [
      [
        [
          8,
          8,
        ],
        [
          8,
          8,
        ],
        [
          8,
          8,
        ],
        [
          8,
          8,
        ],
      ],
      [
        [
          8,
          8,
        ],
        [
          8,
          8,
        ],
        [
          8,
          8,
        ],
        [
          8,
          8,
        ],
      ],
    ],
    [
      [
        [
          8,
          8,
        ],
        [
          8,
          8,
        ],
        [
          8,
          8,
        ],
        [
          8,
          8,
        ],
      ],
      [
        [
          8,
          8,
        ],
        [
          8,
          8,
        ],
        [
          8,
          8,
        ],
        [
          8,
          8,
        ],
      ],
    ],
  ],
  [
    [
      [
        [
          8,
          8,
        ],
        [
          8,
          8,
        ],
        [
          8,
          8,
        ],
        [
          8,
          8,
        ],
      ],
      [
        [
          8,
          8,
        ],
        [
          8,
          8,
        ],
        [
          8,
          8,
        ],
        [
          8,
          8,
        ],
      ],
    ],
    [
      [
        [
          8,
          8,
        ],
        [
          8,
          8,
        ],
        [
          8,
          8,
        ],
        [
          8,
          8,
        ],
      ],
      [
        [
          8,
          8,
        ],
        [
          8,
          8,
        ],
        [
          8,
          8,
        ],
        [
          8,
          8,
        ],
      ],
    ],
    [
      [
        [
          8,
          8,
        ],
        [
          8,
          8,
        ],
        [
          8,
          8,
        ],
        [
          8,
          8,
        ],
      ],
      [
        [
          8,
          8,
        ],
        [
          8,
          8,
        ],
        [
          8,
          8,
        ],
        [
          8,
          8,
        ],
      ],
    ],
    [
      [
        [
          8,
          8,
        ],
        [
          8,
          8,
        ],
        [
          8,
          8,
        ],
        [
          8,
          8,
        ],
      ],
      [
        [
          8,
          8,
        ],
        [
          8,
          8,
        ],
        [
          8,
          8,
        ],
        [
          8,
          8,
        ],
      ],
    ],
  ],
]
`;

exports[`makeMatrix callback initial values — math [3, 2, 3] 1`] = `
[
  [
    [
      8,
      8,
      8,
    ],
    [
      8,
      8,
      8,
    ],
  ],
  [
    [
      8,
      8,
      8,
    ],
    [
      8,
      8,
      8,
    ],
  ],
  [
    [
      8,
      8,
      8,
    ],
    [
      8,
      8,
      8,
    ],
  ],
]
`;

exports[`makeMatrix callback initial values — math [6] 1`] = `
[
  8,
  8,
  8,
  8,
  8,
  8,
]
`;

exports[`makeMatrix no initial values [1, 1] 1`] = `
[
  [
    null,
  ],
]
`;

exports[`makeMatrix no initial values [1, 4, 5, 2] 1`] = `
[
  [
    [
      [
        null,
        null,
      ],
      [
        null,
        null,
      ],
      [
        null,
        null,
      ],
      [
        null,
        null,
      ],
      [
        null,
        null,
      ],
    ],
    [
      [
        null,
        null,
      ],
      [
        null,
        null,
      ],
      [
        null,
        null,
      ],
      [
        null,
        null,
      ],
      [
        null,
        null,
      ],
    ],
    [
      [
        null,
        null,
      ],
      [
        null,
        null,
      ],
      [
        null,
        null,
      ],
      [
        null,
        null,
      ],
      [
        null,
        null,
      ],
    ],
    [
      [
        null,
        null,
      ],
      [
        null,
        null,
      ],
      [
        null,
        null,
      ],
      [
        null,
        null,
      ],
      [
        null,
        null,
      ],
    ],
  ],
]
`;

exports[`makeMatrix no initial values [2, 4, 2, 4, 2] 1`] = `
[
  [
    [
      [
        [
          null,
          null,
        ],
        [
          null,
          null,
        ],
        [
          null,
          null,
        ],
        [
          null,
          null,
        ],
      ],
      [
        [
          null,
          null,
        ],
        [
          null,
          null,
        ],
        [
          null,
          null,
        ],
        [
          null,
          null,
        ],
      ],
    ],
    [
      [
        [
          null,
          null,
        ],
        [
          null,
          null,
        ],
        [
          null,
          null,
        ],
        [
          null,
          null,
        ],
      ],
      [
        [
          null,
          null,
        ],
        [
          null,
          null,
        ],
        [
          null,
          null,
        ],
        [
          null,
          null,
        ],
      ],
    ],
    [
      [
        [
          null,
          null,
        ],
        [
          null,
          null,
        ],
        [
          null,
          null,
        ],
        [
          null,
          null,
        ],
      ],
      [
        [
          null,
          null,
        ],
        [
          null,
          null,
        ],
        [
          null,
          null,
        ],
        [
          null,
          null,
        ],
      ],
    ],
    [
      [
        [
          null,
          null,
        ],
        [
          null,
          null,
        ],
        [
          null,
          null,
        ],
        [
          null,
          null,
        ],
      ],
      [
        [
          null,
          null,
        ],
        [
          null,
          null,
        ],
        [
          null,
          null,
        ],
        [
          null,
          null,
        ],
      ],
    ],
  ],
  [
    [
      [
        [
          null,
          null,
        ],
        [
          null,
          null,
        ],
        [
          null,
          null,
        ],
        [
          null,
          null,
        ],
      ],
      [
        [
          null,
          null,
        ],
        [
          null,
          null,
        ],
        [
          null,
          null,
        ],
        [
          null,
          null,
        ],
      ],
    ],
    [
      [
        [
          null,
          null,
        ],
        [
          null,
          null,
        ],
        [
          null,
          null,
        ],
        [
          null,
          null,
        ],
      ],
      [
        [
          null,
          null,
        ],
        [
          null,
          null,
        ],
        [
          null,
          null,
        ],
        [
          null,
          null,
        ],
      ],
    ],
    [
      [
        [
          null,
          null,
        ],
        [
          null,
          null,
        ],
        [
          null,
          null,
        ],
        [
          null,
          null,
        ],
      ],
      [
        [
          null,
          null,
        ],
        [
          null,
          null,
        ],
        [
          null,
          null,
        ],
        [
          null,
          null,
        ],
      ],
    ],
    [
      [
        [
          null,
          null,
        ],
        [
          null,
          null,
        ],
        [
          null,
          null,
        ],
        [
          null,
          null,
        ],
      ],
      [
        [
          null,
          null,
        ],
        [
          null,
          null,
        ],
        [
          null,
          null,
        ],
        [
          null,
          null,
        ],
      ],
    ],
  ],
]
`;

exports[`makeMatrix no initial values [3, 2, 3] 1`] = `
[
  [
    [
      null,
      null,
      null,
    ],
    [
      null,
      null,
      null,
    ],
  ],
  [
    [
      null,
      null,
      null,
    ],
    [
      null,
      null,
      null,
    ],
  ],
  [
    [
      null,
      null,
      null,
    ],
    [
      null,
      null,
      null,
    ],
  ],
]
`;

exports[`makeMatrix no initial values [6] 1`] = `
[
  null,
  null,
  null,
  null,
  null,
  null,
]
`;

exports[`makeMatrix number initial values [1, 1] 1`] = `
[
  [
    0,
  ],
]
`;

exports[`makeMatrix number initial values [1, 4, 5, 2] 1`] = `
[
  [
    [
      [
        0,
        0,
      ],
      [
        0,
        0,
      ],
      [
        0,
        0,
      ],
      [
        0,
        0,
      ],
      [
        0,
        0,
      ],
    ],
    [
      [
        0,
        0,
      ],
      [
        0,
        0,
      ],
      [
        0,
        0,
      ],
      [
        0,
        0,
      ],
      [
        0,
        0,
      ],
    ],
    [
      [
        0,
        0,
      ],
      [
        0,
        0,
      ],
      [
        0,
        0,
      ],
      [
        0,
        0,
      ],
      [
        0,
        0,
      ],
    ],
    [
      [
        0,
        0,
      ],
      [
        0,
        0,
      ],
      [
        0,
        0,
      ],
      [
        0,
        0,
      ],
      [
        0,
        0,
      ],
    ],
  ],
]
`;

exports[`makeMatrix number initial values [2, 4, 2, 4, 2] 1`] = `
[
  [
    [
      [
        [
          0,
          0,
        ],
        [
          0,
          0,
        ],
        [
          0,
          0,
        ],
        [
          0,
          0,
        ],
      ],
      [
        [
          0,
          0,
        ],
        [
          0,
          0,
        ],
        [
          0,
          0,
        ],
        [
          0,
          0,
        ],
      ],
    ],
    [
      [
        [
          0,
          0,
        ],
        [
          0,
          0,
        ],
        [
          0,
          0,
        ],
        [
          0,
          0,
        ],
      ],
      [
        [
          0,
          0,
        ],
        [
          0,
          0,
        ],
        [
          0,
          0,
        ],
        [
          0,
          0,
        ],
      ],
    ],
    [
      [
        [
          0,
          0,
        ],
        [
          0,
          0,
        ],
        [
          0,
          0,
        ],
        [
          0,
          0,
        ],
      ],
      [
        [
          0,
          0,
        ],
        [
          0,
          0,
        ],
        [
          0,
          0,
        ],
        [
          0,
          0,
        ],
      ],
    ],
    [
      [
        [
          0,
          0,
        ],
        [
          0,
          0,
        ],
        [
          0,
          0,
        ],
        [
          0,
          0,
        ],
      ],
      [
        [
          0,
          0,
        ],
        [
          0,
          0,
        ],
        [
          0,
          0,
        ],
        [
          0,
          0,
        ],
      ],
    ],
  ],
  [
    [
      [
        [
          0,
          0,
        ],
        [
          0,
          0,
        ],
        [
          0,
          0,
        ],
        [
          0,
          0,
        ],
      ],
      [
        [
          0,
          0,
        ],
        [
          0,
          0,
        ],
        [
          0,
          0,
        ],
        [
          0,
          0,
        ],
      ],
    ],
    [
      [
        [
          0,
          0,
        ],
        [
          0,
          0,
        ],
        [
          0,
          0,
        ],
        [
          0,
          0,
        ],
      ],
      [
        [
          0,
          0,
        ],
        [
          0,
          0,
        ],
        [
          0,
          0,
        ],
        [
          0,
          0,
        ],
      ],
    ],
    [
      [
        [
          0,
          0,
        ],
        [
          0,
          0,
        ],
        [
          0,
          0,
        ],
        [
          0,
          0,
        ],
      ],
      [
        [
          0,
          0,
        ],
        [
          0,
          0,
        ],
        [
          0,
          0,
        ],
        [
          0,
          0,
        ],
      ],
    ],
    [
      [
        [
          0,
          0,
        ],
        [
          0,
          0,
        ],
        [
          0,
          0,
        ],
        [
          0,
          0,
        ],
      ],
      [
        [
          0,
          0,
        ],
        [
          0,
          0,
        ],
        [
          0,
          0,
        ],
        [
          0,
          0,
        ],
      ],
    ],
  ],
]
`;

exports[`makeMatrix number initial values [3, 2, 3] 1`] = `
[
  [
    [
      0,
      0,
      0,
    ],
    [
      0,
      0,
      0,
    ],
  ],
  [
    [
      0,
      0,
      0,
    ],
    [
      0,
      0,
      0,
    ],
  ],
  [
    [
      0,
      0,
      0,
    ],
    [
      0,
      0,
      0,
    ],
  ],
]
`;

exports[`makeMatrix number initial values [6] 1`] = `
[
  0,
  0,
  0,
  0,
  0,
  0,
]
`;

exports[`makeMatrix self aware callback initial values [1, 1] 1`] = `
[
  [
    [
      0,
      0,
    ],
  ],
]
`;

exports[`makeMatrix self aware callback initial values [1, 4, 5, 2] 1`] = `
[
  [
    [
      [
        [
          0,
          0,
          0,
          0,
        ],
        [
          0,
          0,
          0,
          1,
        ],
      ],
      [
        [
          0,
          0,
          1,
          0,
        ],
        [
          0,
          0,
          1,
          1,
        ],
      ],
      [
        [
          0,
          0,
          2,
          0,
        ],
        [
          0,
          0,
          2,
          1,
        ],
      ],
      [
        [
          0,
          0,
          3,
          0,
        ],
        [
          0,
          0,
          3,
          1,
        ],
      ],
      [
        [
          0,
          0,
          4,
          0,
        ],
        [
          0,
          0,
          4,
          1,
        ],
      ],
    ],
    [
      [
        [
          0,
          1,
          0,
          0,
        ],
        [
          0,
          1,
          0,
          1,
        ],
      ],
      [
        [
          0,
          1,
          1,
          0,
        ],
        [
          0,
          1,
          1,
          1,
        ],
      ],
      [
        [
          0,
          1,
          2,
          0,
        ],
        [
          0,
          1,
          2,
          1,
        ],
      ],
      [
        [
          0,
          1,
          3,
          0,
        ],
        [
          0,
          1,
          3,
          1,
        ],
      ],
      [
        [
          0,
          1,
          4,
          0,
        ],
        [
          0,
          1,
          4,
          1,
        ],
      ],
    ],
    [
      [
        [
          0,
          2,
          0,
          0,
        ],
        [
          0,
          2,
          0,
          1,
        ],
      ],
      [
        [
          0,
          2,
          1,
          0,
        ],
        [
          0,
          2,
          1,
          1,
        ],
      ],
      [
        [
          0,
          2,
          2,
          0,
        ],
        [
          0,
          2,
          2,
          1,
        ],
      ],
      [
        [
          0,
          2,
          3,
          0,
        ],
        [
          0,
          2,
          3,
          1,
        ],
      ],
      [
        [
          0,
          2,
          4,
          0,
        ],
        [
          0,
          2,
          4,
          1,
        ],
      ],
    ],
    [
      [
        [
          0,
          3,
          0,
          0,
        ],
        [
          0,
          3,
          0,
          1,
        ],
      ],
      [
        [
          0,
          3,
          1,
          0,
        ],
        [
          0,
          3,
          1,
          1,
        ],
      ],
      [
        [
          0,
          3,
          2,
          0,
        ],
        [
          0,
          3,
          2,
          1,
        ],
      ],
      [
        [
          0,
          3,
          3,
          0,
        ],
        [
          0,
          3,
          3,
          1,
        ],
      ],
      [
        [
          0,
          3,
          4,
          0,
        ],
        [
          0,
          3,
          4,
          1,
        ],
      ],
    ],
  ],
]
`;

exports[`makeMatrix self aware callback initial values [2, 4, 2, 4, 2] 1`] = `
[
  [
    [
      [
        [
          [
            0,
            0,
            0,
            0,
            0,
          ],
          [
            0,
            0,
            0,
            0,
            1,
          ],
        ],
        [
          [
            0,
            0,
            0,
            1,
            0,
          ],
          [
            0,
            0,
            0,
            1,
            1,
          ],
        ],
        [
          [
            0,
            0,
            0,
            2,
            0,
          ],
          [
            0,
            0,
            0,
            2,
            1,
          ],
        ],
        [
          [
            0,
            0,
            0,
            3,
            0,
          ],
          [
            0,
            0,
            0,
            3,
            1,
          ],
        ],
      ],
      [
        [
          [
            0,
            0,
            1,
            0,
            0,
          ],
          [
            0,
            0,
            1,
            0,
            1,
          ],
        ],
        [
          [
            0,
            0,
            1,
            1,
            0,
          ],
          [
            0,
            0,
            1,
            1,
            1,
          ],
        ],
        [
          [
            0,
            0,
            1,
            2,
            0,
          ],
          [
            0,
            0,
            1,
            2,
            1,
          ],
        ],
        [
          [
            0,
            0,
            1,
            3,
            0,
          ],
          [
            0,
            0,
            1,
            3,
            1,
          ],
        ],
      ],
    ],
    [
      [
        [
          [
            0,
            1,
            0,
            0,
            0,
          ],
          [
            0,
            1,
            0,
            0,
            1,
          ],
        ],
        [
          [
            0,
            1,
            0,
            1,
            0,
          ],
          [
            0,
            1,
            0,
            1,
            1,
          ],
        ],
        [
          [
            0,
            1,
            0,
            2,
            0,
          ],
          [
            0,
            1,
            0,
            2,
            1,
          ],
        ],
        [
          [
            0,
            1,
            0,
            3,
            0,
          ],
          [
            0,
            1,
            0,
            3,
            1,
          ],
        ],
      ],
      [
        [
          [
            0,
            1,
            1,
            0,
            0,
          ],
          [
            0,
            1,
            1,
            0,
            1,
          ],
        ],
        [
          [
            0,
            1,
            1,
            1,
            0,
          ],
          [
            0,
            1,
            1,
            1,
            1,
          ],
        ],
        [
          [
            0,
            1,
            1,
            2,
            0,
          ],
          [
            0,
            1,
            1,
            2,
            1,
          ],
        ],
        [
          [
            0,
            1,
            1,
            3,
            0,
          ],
          [
            0,
            1,
            1,
            3,
            1,
          ],
        ],
      ],
    ],
    [
      [
        [
          [
            0,
            2,
            0,
            0,
            0,
          ],
          [
            0,
            2,
            0,
            0,
            1,
          ],
        ],
        [
          [
            0,
            2,
            0,
            1,
            0,
          ],
          [
            0,
            2,
            0,
            1,
            1,
          ],
        ],
        [
          [
            0,
            2,
            0,
            2,
            0,
          ],
          [
            0,
            2,
            0,
            2,
            1,
          ],
        ],
        [
          [
            0,
            2,
            0,
            3,
            0,
          ],
          [
            0,
            2,
            0,
            3,
            1,
          ],
        ],
      ],
      [
        [
          [
            0,
            2,
            1,
            0,
            0,
          ],
          [
            0,
            2,
            1,
            0,
            1,
          ],
        ],
        [
          [
            0,
            2,
            1,
            1,
            0,
          ],
          [
            0,
            2,
            1,
            1,
            1,
          ],
        ],
        [
          [
            0,
            2,
            1,
            2,
            0,
          ],
          [
            0,
            2,
            1,
            2,
            1,
          ],
        ],
        [
          [
            0,
            2,
            1,
            3,
            0,
          ],
          [
            0,
            2,
            1,
            3,
            1,
          ],
        ],
      ],
    ],
    [
      [
        [
          [
            0,
            3,
            0,
            0,
            0,
          ],
          [
            0,
            3,
            0,
            0,
            1,
          ],
        ],
        [
          [
            0,
            3,
            0,
            1,
            0,
          ],
          [
            0,
            3,
            0,
            1,
            1,
          ],
        ],
        [
          [
            0,
            3,
            0,
            2,
            0,
          ],
          [
            0,
            3,
            0,
            2,
            1,
          ],
        ],
        [
          [
            0,
            3,
            0,
            3,
            0,
          ],
          [
            0,
            3,
            0,
            3,
            1,
          ],
        ],
      ],
      [
        [
          [
            0,
            3,
            1,
            0,
            0,
          ],
          [
            0,
            3,
            1,
            0,
            1,
          ],
        ],
        [
          [
            0,
            3,
            1,
            1,
            0,
          ],
          [
            0,
            3,
            1,
            1,
            1,
          ],
        ],
        [
          [
            0,
            3,
            1,
            2,
            0,
          ],
          [
            0,
            3,
            1,
            2,
            1,
          ],
        ],
        [
          [
            0,
            3,
            1,
            3,
            0,
          ],
          [
            0,
            3,
            1,
            3,
            1,
          ],
        ],
      ],
    ],
  ],
  [
    [
      [
        [
          [
            1,
            0,
            0,
            0,
            0,
          ],
          [
            1,
            0,
            0,
            0,
            1,
          ],
        ],
        [
          [
            1,
            0,
            0,
            1,
            0,
          ],
          [
            1,
            0,
            0,
            1,
            1,
          ],
        ],
        [
          [
            1,
            0,
            0,
            2,
            0,
          ],
          [
            1,
            0,
            0,
            2,
            1,
          ],
        ],
        [
          [
            1,
            0,
            0,
            3,
            0,
          ],
          [
            1,
            0,
            0,
            3,
            1,
          ],
        ],
      ],
      [
        [
          [
            1,
            0,
            1,
            0,
            0,
          ],
          [
            1,
            0,
            1,
            0,
            1,
          ],
        ],
        [
          [
            1,
            0,
            1,
            1,
            0,
          ],
          [
            1,
            0,
            1,
            1,
            1,
          ],
        ],
        [
          [
            1,
            0,
            1,
            2,
            0,
          ],
          [
            1,
            0,
            1,
            2,
            1,
          ],
        ],
        [
          [
            1,
            0,
            1,
            3,
            0,
          ],
          [
            1,
            0,
            1,
            3,
            1,
          ],
        ],
      ],
    ],
    [
      [
        [
          [
            1,
            1,
            0,
            0,
            0,
          ],
          [
            1,
            1,
            0,
            0,
            1,
          ],
        ],
        [
          [
            1,
            1,
            0,
            1,
            0,
          ],
          [
            1,
            1,
            0,
            1,
            1,
          ],
        ],
        [
          [
            1,
            1,
            0,
            2,
            0,
          ],
          [
            1,
            1,
            0,
            2,
            1,
          ],
        ],
        [
          [
            1,
            1,
            0,
            3,
            0,
          ],
          [
            1,
            1,
            0,
            3,
            1,
          ],
        ],
      ],
      [
        [
          [
            1,
            1,
            1,
            0,
            0,
          ],
          [
            1,
            1,
            1,
            0,
            1,
          ],
        ],
        [
          [
            1,
            1,
            1,
            1,
            0,
          ],
          [
            1,
            1,
            1,
            1,
            1,
          ],
        ],
        [
          [
            1,
            1,
            1,
            2,
            0,
          ],
          [
            1,
            1,
            1,
            2,
            1,
          ],
        ],
        [
          [
            1,
            1,
            1,
            3,
            0,
          ],
          [
            1,
            1,
            1,
            3,
            1,
          ],
        ],
      ],
    ],
    [
      [
        [
          [
            1,
            2,
            0,
            0,
            0,
          ],
          [
            1,
            2,
            0,
            0,
            1,
          ],
        ],
        [
          [
            1,
            2,
            0,
            1,
            0,
          ],
          [
            1,
            2,
            0,
            1,
            1,
          ],
        ],
        [
          [
            1,
            2,
            0,
            2,
            0,
          ],
          [
            1,
            2,
            0,
            2,
            1,
          ],
        ],
        [
          [
            1,
            2,
            0,
            3,
            0,
          ],
          [
            1,
            2,
            0,
            3,
            1,
          ],
        ],
      ],
      [
        [
          [
            1,
            2,
            1,
            0,
            0,
          ],
          [
            1,
            2,
            1,
            0,
            1,
          ],
        ],
        [
          [
            1,
            2,
            1,
            1,
            0,
          ],
          [
            1,
            2,
            1,
            1,
            1,
          ],
        ],
        [
          [
            1,
            2,
            1,
            2,
            0,
          ],
          [
            1,
            2,
            1,
            2,
            1,
          ],
        ],
        [
          [
            1,
            2,
            1,
            3,
            0,
          ],
          [
            1,
            2,
            1,
            3,
            1,
          ],
        ],
      ],
    ],
    [
      [
        [
          [
            1,
            3,
            0,
            0,
            0,
          ],
          [
            1,
            3,
            0,
            0,
            1,
          ],
        ],
        [
          [
            1,
            3,
            0,
            1,
            0,
          ],
          [
            1,
            3,
            0,
            1,
            1,
          ],
        ],
        [
          [
            1,
            3,
            0,
            2,
            0,
          ],
          [
            1,
            3,
            0,
            2,
            1,
          ],
        ],
        [
          [
            1,
            3,
            0,
            3,
            0,
          ],
          [
            1,
            3,
            0,
            3,
            1,
          ],
        ],
      ],
      [
        [
          [
            1,
            3,
            1,
            0,
            0,
          ],
          [
            1,
            3,
            1,
            0,
            1,
          ],
        ],
        [
          [
            1,
            3,
            1,
            1,
            0,
          ],
          [
            1,
            3,
            1,
            1,
            1,
          ],
        ],
        [
          [
            1,
            3,
            1,
            2,
            0,
          ],
          [
            1,
            3,
            1,
            2,
            1,
          ],
        ],
        [
          [
            1,
            3,
            1,
            3,
            0,
          ],
          [
            1,
            3,
            1,
            3,
            1,
          ],
        ],
      ],
    ],
  ],
]
`;

exports[`makeMatrix self aware callback initial values [3, 2, 3] 1`] = `
[
  [
    [
      [
        0,
        0,
        0,
      ],
      [
        0,
        0,
        1,
      ],
      [
        0,
        0,
        2,
      ],
    ],
    [
      [
        0,
        1,
        0,
      ],
      [
        0,
        1,
        1,
      ],
      [
        0,
        1,
        2,
      ],
    ],
  ],
  [
    [
      [
        1,
        0,
        0,
      ],
      [
        1,
        0,
        1,
      ],
      [
        1,
        0,
        2,
      ],
    ],
    [
      [
        1,
        1,
        0,
      ],
      [
        1,
        1,
        1,
      ],
      [
        1,
        1,
        2,
      ],
    ],
  ],
  [
    [
      [
        2,
        0,
        0,
      ],
      [
        2,
        0,
        1,
      ],
      [
        2,
        0,
        2,
      ],
    ],
    [
      [
        2,
        1,
        0,
      ],
      [
        2,
        1,
        1,
      ],
      [
        2,
        1,
        2,
      ],
    ],
  ],
]
`;

exports[`makeMatrix self aware callback initial values [6] 1`] = `
[
  [
    0,
  ],
  [
    1,
  ],
  [
    2,
  ],
  [
    3,
  ],
  [
    4,
  ],
  [
    5,
  ],
]
`;

exports[`makeMatrix string initial values [1, 1] 1`] = `
[
  [
    "string",
  ],
]
`;

exports[`makeMatrix string initial values [1, 4, 5, 2] 1`] = `
[
  [
    [
      [
        "string",
        "string",
      ],
      [
        "string",
        "string",
      ],
      [
        "string",
        "string",
      ],
      [
        "string",
        "string",
      ],
      [
        "string",
        "string",
      ],
    ],
    [
      [
        "string",
        "string",
      ],
      [
        "string",
        "string",
      ],
      [
        "string",
        "string",
      ],
      [
        "string",
        "string",
      ],
      [
        "string",
        "string",
      ],
    ],
    [
      [
        "string",
        "string",
      ],
      [
        "string",
        "string",
      ],
      [
        "string",
        "string",
      ],
      [
        "string",
        "string",
      ],
      [
        "string",
        "string",
      ],
    ],
    [
      [
        "string",
        "string",
      ],
      [
        "string",
        "string",
      ],
      [
        "string",
        "string",
      ],
      [
        "string",
        "string",
      ],
      [
        "string",
        "string",
      ],
    ],
  ],
]
`;

exports[`makeMatrix string initial values [2, 4, 2, 4, 2] 1`] = `
[
  [
    [
      [
        [
          "string",
          "string",
        ],
        [
          "string",
          "string",
        ],
        [
          "string",
          "string",
        ],
        [
          "string",
          "string",
        ],
      ],
      [
        [
          "string",
          "string",
        ],
        [
          "string",
          "string",
        ],
        [
          "string",
          "string",
        ],
        [
          "string",
          "string",
        ],
      ],
    ],
    [
      [
        [
          "string",
          "string",
        ],
        [
          "string",
          "string",
        ],
        [
          "string",
          "string",
        ],
        [
          "string",
          "string",
        ],
      ],
      [
        [
          "string",
          "string",
        ],
        [
          "string",
          "string",
        ],
        [
          "string",
          "string",
        ],
        [
          "string",
          "string",
        ],
      ],
    ],
    [
      [
        [
          "string",
          "string",
        ],
        [
          "string",
          "string",
        ],
        [
          "string",
          "string",
        ],
        [
          "string",
          "string",
        ],
      ],
      [
        [
          "string",
          "string",
        ],
        [
          "string",
          "string",
        ],
        [
          "string",
          "string",
        ],
        [
          "string",
          "string",
        ],
      ],
    ],
    [
      [
        [
          "string",
          "string",
        ],
        [
          "string",
          "string",
        ],
        [
          "string",
          "string",
        ],
        [
          "string",
          "string",
        ],
      ],
      [
        [
          "string",
          "string",
        ],
        [
          "string",
          "string",
        ],
        [
          "string",
          "string",
        ],
        [
          "string",
          "string",
        ],
      ],
    ],
  ],
  [
    [
      [
        [
          "string",
          "string",
        ],
        [
          "string",
          "string",
        ],
        [
          "string",
          "string",
        ],
        [
          "string",
          "string",
        ],
      ],
      [
        [
          "string",
          "string",
        ],
        [
          "string",
          "string",
        ],
        [
          "string",
          "string",
        ],
        [
          "string",
          "string",
        ],
      ],
    ],
    [
      [
        [
          "string",
          "string",
        ],
        [
          "string",
          "string",
        ],
        [
          "string",
          "string",
        ],
        [
          "string",
          "string",
        ],
      ],
      [
        [
          "string",
          "string",
        ],
        [
          "string",
          "string",
        ],
        [
          "string",
          "string",
        ],
        [
          "string",
          "string",
        ],
      ],
    ],
    [
      [
        [
          "string",
          "string",
        ],
        [
          "string",
          "string",
        ],
        [
          "string",
          "string",
        ],
        [
          "string",
          "string",
        ],
      ],
      [
        [
          "string",
          "string",
        ],
        [
          "string",
          "string",
        ],
        [
          "string",
          "string",
        ],
        [
          "string",
          "string",
        ],
      ],
    ],
    [
      [
        [
          "string",
          "string",
        ],
        [
          "string",
          "string",
        ],
        [
          "string",
          "string",
        ],
        [
          "string",
          "string",
        ],
      ],
      [
        [
          "string",
          "string",
        ],
        [
          "string",
          "string",
        ],
        [
          "string",
          "string",
        ],
        [
          "string",
          "string",
        ],
      ],
    ],
  ],
]
`;

exports[`makeMatrix string initial values [3, 2, 3] 1`] = `
[
  [
    [
      "string",
      "string",
      "string",
    ],
    [
      "string",
      "string",
      "string",
    ],
  ],
  [
    [
      "string",
      "string",
      "string",
    ],
    [
      "string",
      "string",
      "string",
    ],
  ],
  [
    [
      "string",
      "string",
      "string",
    ],
    [
      "string",
      "string",
      "string",
    ],
  ],
]
`;

exports[`makeMatrix string initial values [6] 1`] = `
[
  "string",
  "string",
  "string",
  "string",
  "string",
  "string",
]
`;
