// Jest Snapshot v1, https://goo.gl/fbAQLP

exports[`1D test - No initialValues 1`] = `
Array [
  null,
]
`;

exports[`2D test - No initialValues 1`] = `
Array [
  Array [
    null,
  ],
  Array [
    null,
  ],
]
`;

exports[`3D test - No initialValues 1`] = `
Array [
  Array [
    Array [
      null,
    ],
    Array [
      null,
    ],
  ],
  Array [
    Array [
      null,
    ],
    Array [
      null,
    ],
  ],
  Array [
    Array [
      null,
    ],
    Array [
      null,
    ],
  ],
]
`;

exports[`4D test - No initialValues 1`] = `
Array [
  Array [
    Array [
      Array [
        null,
      ],
      Array [
        null,
      ],
    ],
    Array [
      Array [
        null,
      ],
      Array [
        null,
      ],
    ],
    Array [
      Array [
        null,
      ],
      Array [
        null,
      ],
    ],
  ],
  Array [
    Array [
      Array [
        null,
      ],
      Array [
        null,
      ],
    ],
    Array [
      Array [
        null,
      ],
      Array [
        null,
      ],
    ],
    Array [
      Array [
        null,
      ],
      Array [
        null,
      ],
    ],
  ],
  Array [
    Array [
      Array [
        null,
      ],
      Array [
        null,
      ],
    ],
    Array [
      Array [
        null,
      ],
      Array [
        null,
      ],
    ],
    Array [
      Array [
        null,
      ],
      Array [
        null,
      ],
    ],
  ],
  Array [
    Array [
      Array [
        null,
      ],
      Array [
        null,
      ],
    ],
    Array [
      Array [
        null,
      ],
      Array [
        null,
      ],
    ],
    Array [
      Array [
        null,
      ],
      Array [
        null,
      ],
    ],
  ],
]
`;

exports[`5D test - No initialValues 1`] = `
Array [
  Array [
    Array [
      Array [
        Array [
          null,
        ],
        Array [
          null,
        ],
      ],
      Array [
        Array [
          null,
        ],
        Array [
          null,
        ],
      ],
      Array [
        Array [
          null,
        ],
        Array [
          null,
        ],
      ],
    ],
    Array [
      Array [
        Array [
          null,
        ],
        Array [
          null,
        ],
      ],
      Array [
        Array [
          null,
        ],
        Array [
          null,
        ],
      ],
      Array [
        Array [
          null,
        ],
        Array [
          null,
        ],
      ],
    ],
    Array [
      Array [
        Array [
          null,
        ],
        Array [
          null,
        ],
      ],
      Array [
        Array [
          null,
        ],
        Array [
          null,
        ],
      ],
      Array [
        Array [
          null,
        ],
        Array [
          null,
        ],
      ],
    ],
    Array [
      Array [
        Array [
          null,
        ],
        Array [
          null,
        ],
      ],
      Array [
        Array [
          null,
        ],
        Array [
          null,
        ],
      ],
      Array [
        Array [
          null,
        ],
        Array [
          null,
        ],
      ],
    ],
  ],
  Array [
    Array [
      Array [
        Array [
          null,
        ],
        Array [
          null,
        ],
      ],
      Array [
        Array [
          null,
        ],
        Array [
          null,
        ],
      ],
      Array [
        Array [
          null,
        ],
        Array [
          null,
        ],
      ],
    ],
    Array [
      Array [
        Array [
          null,
        ],
        Array [
          null,
        ],
      ],
      Array [
        Array [
          null,
        ],
        Array [
          null,
        ],
      ],
      Array [
        Array [
          null,
        ],
        Array [
          null,
        ],
      ],
    ],
    Array [
      Array [
        Array [
          null,
        ],
        Array [
          null,
        ],
      ],
      Array [
        Array [
          null,
        ],
        Array [
          null,
        ],
      ],
      Array [
        Array [
          null,
        ],
        Array [
          null,
        ],
      ],
    ],
    Array [
      Array [
        Array [
          null,
        ],
        Array [
          null,
        ],
      ],
      Array [
        Array [
          null,
        ],
        Array [
          null,
        ],
      ],
      Array [
        Array [
          null,
        ],
        Array [
          null,
        ],
      ],
    ],
  ],
  Array [
    Array [
      Array [
        Array [
          null,
        ],
        Array [
          null,
        ],
      ],
      Array [
        Array [
          null,
        ],
        Array [
          null,
        ],
      ],
      Array [
        Array [
          null,
        ],
        Array [
          null,
        ],
      ],
    ],
    Array [
      Array [
        Array [
          null,
        ],
        Array [
          null,
        ],
      ],
      Array [
        Array [
          null,
        ],
        Array [
          null,
        ],
      ],
      Array [
        Array [
          null,
        ],
        Array [
          null,
        ],
      ],
    ],
    Array [
      Array [
        Array [
          null,
        ],
        Array [
          null,
        ],
      ],
      Array [
        Array [
          null,
        ],
        Array [
          null,
        ],
      ],
      Array [
        Array [
          null,
        ],
        Array [
          null,
        ],
      ],
    ],
    Array [
      Array [
        Array [
          null,
        ],
        Array [
          null,
        ],
      ],
      Array [
        Array [
          null,
        ],
        Array [
          null,
        ],
      ],
      Array [
        Array [
          null,
        ],
        Array [
          null,
        ],
      ],
    ],
  ],
  Array [
    Array [
      Array [
        Array [
          null,
        ],
        Array [
          null,
        ],
      ],
      Array [
        Array [
          null,
        ],
        Array [
          null,
        ],
      ],
      Array [
        Array [
          null,
        ],
        Array [
          null,
        ],
      ],
    ],
    Array [
      Array [
        Array [
          null,
        ],
        Array [
          null,
        ],
      ],
      Array [
        Array [
          null,
        ],
        Array [
          null,
        ],
      ],
      Array [
        Array [
          null,
        ],
        Array [
          null,
        ],
      ],
    ],
    Array [
      Array [
        Array [
          null,
        ],
        Array [
          null,
        ],
      ],
      Array [
        Array [
          null,
        ],
        Array [
          null,
        ],
      ],
      Array [
        Array [
          null,
        ],
        Array [
          null,
        ],
      ],
    ],
    Array [
      Array [
        Array [
          null,
        ],
        Array [
          null,
        ],
      ],
      Array [
        Array [
          null,
        ],
        Array [
          null,
        ],
      ],
      Array [
        Array [
          null,
        ],
        Array [
          null,
        ],
      ],
    ],
  ],
  Array [
    Array [
      Array [
        Array [
          null,
        ],
        Array [
          null,
        ],
      ],
      Array [
        Array [
          null,
        ],
        Array [
          null,
        ],
      ],
      Array [
        Array [
          null,
        ],
        Array [
          null,
        ],
      ],
    ],
    Array [
      Array [
        Array [
          null,
        ],
        Array [
          null,
        ],
      ],
      Array [
        Array [
          null,
        ],
        Array [
          null,
        ],
      ],
      Array [
        Array [
          null,
        ],
        Array [
          null,
        ],
      ],
    ],
    Array [
      Array [
        Array [
          null,
        ],
        Array [
          null,
        ],
      ],
      Array [
        Array [
          null,
        ],
        Array [
          null,
        ],
      ],
      Array [
        Array [
          null,
        ],
        Array [
          null,
        ],
      ],
    ],
    Array [
      Array [
        Array [
          null,
        ],
        Array [
          null,
        ],
      ],
      Array [
        Array [
          null,
        ],
        Array [
          null,
        ],
      ],
      Array [
        Array [
          null,
        ],
        Array [
          null,
        ],
      ],
    ],
  ],
]
`;

exports[`6D test - No initialValues 1`] = `
Array [
  Array [
    Array [
      Array [
        Array [
          Array [
            null,
          ],
          Array [
            null,
          ],
        ],
        Array [
          Array [
            null,
          ],
          Array [
            null,
          ],
        ],
        Array [
          Array [
            null,
          ],
          Array [
            null,
          ],
        ],
      ],
      Array [
        Array [
          Array [
            null,
          ],
          Array [
            null,
          ],
        ],
        Array [
          Array [
            null,
          ],
          Array [
            null,
          ],
        ],
        Array [
          Array [
            null,
          ],
          Array [
            null,
          ],
        ],
      ],
      Array [
        Array [
          Array [
            null,
          ],
          Array [
            null,
          ],
        ],
        Array [
          Array [
            null,
          ],
          Array [
            null,
          ],
        ],
        Array [
          Array [
            null,
          ],
          Array [
            null,
          ],
        ],
      ],
      Array [
        Array [
          Array [
            null,
          ],
          Array [
            null,
          ],
        ],
        Array [
          Array [
            null,
          ],
          Array [
            null,
          ],
        ],
        Array [
          Array [
            null,
          ],
          Array [
            null,
          ],
        ],
      ],
    ],
    Array [
      Array [
        Array [
          Array [
            null,
          ],
          Array [
            null,
          ],
        ],
        Array [
          Array [
            null,
          ],
          Array [
            null,
          ],
        ],
        Array [
          Array [
            null,
          ],
          Array [
            null,
          ],
        ],
      ],
      Array [
        Array [
          Array [
            null,
          ],
          Array [
            null,
          ],
        ],
        Array [
          Array [
            null,
          ],
          Array [
            null,
          ],
        ],
        Array [
          Array [
            null,
          ],
          Array [
            null,
          ],
        ],
      ],
      Array [
        Array [
          Array [
            null,
          ],
          Array [
            null,
          ],
        ],
        Array [
          Array [
            null,
          ],
          Array [
            null,
          ],
        ],
        Array [
          Array [
            null,
          ],
          Array [
            null,
          ],
        ],
      ],
      Array [
        Array [
          Array [
            null,
          ],
          Array [
            null,
          ],
        ],
        Array [
          Array [
            null,
          ],
          Array [
            null,
          ],
        ],
        Array [
          Array [
            null,
          ],
          Array [
            null,
          ],
        ],
      ],
    ],
    Array [
      Array [
        Array [
          Array [
            null,
          ],
          Array [
            null,
          ],
        ],
        Array [
          Array [
            null,
          ],
          Array [
            null,
          ],
        ],
        Array [
          Array [
            null,
          ],
          Array [
            null,
          ],
        ],
      ],
      Array [
        Array [
          Array [
            null,
          ],
          Array [
            null,
          ],
        ],
        Array [
          Array [
            null,
          ],
          Array [
            null,
          ],
        ],
        Array [
          Array [
            null,
          ],
          Array [
            null,
          ],
        ],
      ],
      Array [
        Array [
          Array [
            null,
          ],
          Array [
            null,
          ],
        ],
        Array [
          Array [
            null,
          ],
          Array [
            null,
          ],
        ],
        Array [
          Array [
            null,
          ],
          Array [
            null,
          ],
        ],
      ],
      Array [
        Array [
          Array [
            null,
          ],
          Array [
            null,
          ],
        ],
        Array [
          Array [
            null,
          ],
          Array [
            null,
          ],
        ],
        Array [
          Array [
            null,
          ],
          Array [
            null,
          ],
        ],
      ],
    ],
    Array [
      Array [
        Array [
          Array [
            null,
          ],
          Array [
            null,
          ],
        ],
        Array [
          Array [
            null,
          ],
          Array [
            null,
          ],
        ],
        Array [
          Array [
            null,
          ],
          Array [
            null,
          ],
        ],
      ],
      Array [
        Array [
          Array [
            null,
          ],
          Array [
            null,
          ],
        ],
        Array [
          Array [
            null,
          ],
          Array [
            null,
          ],
        ],
        Array [
          Array [
            null,
          ],
          Array [
            null,
          ],
        ],
      ],
      Array [
        Array [
          Array [
            null,
          ],
          Array [
            null,
          ],
        ],
        Array [
          Array [
            null,
          ],
          Array [
            null,
          ],
        ],
        Array [
          Array [
            null,
          ],
          Array [
            null,
          ],
        ],
      ],
      Array [
        Array [
          Array [
            null,
          ],
          Array [
            null,
          ],
        ],
        Array [
          Array [
            null,
          ],
          Array [
            null,
          ],
        ],
        Array [
          Array [
            null,
          ],
          Array [
            null,
          ],
        ],
      ],
    ],
    Array [
      Array [
        Array [
          Array [
            null,
          ],
          Array [
            null,
          ],
        ],
        Array [
          Array [
            null,
          ],
          Array [
            null,
          ],
        ],
        Array [
          Array [
            null,
          ],
          Array [
            null,
          ],
        ],
      ],
      Array [
        Array [
          Array [
            null,
          ],
          Array [
            null,
          ],
        ],
        Array [
          Array [
            null,
          ],
          Array [
            null,
          ],
        ],
        Array [
          Array [
            null,
          ],
          Array [
            null,
          ],
        ],
      ],
      Array [
        Array [
          Array [
            null,
          ],
          Array [
            null,
          ],
        ],
        Array [
          Array [
            null,
          ],
          Array [
            null,
          ],
        ],
        Array [
          Array [
            null,
          ],
          Array [
            null,
          ],
        ],
      ],
      Array [
        Array [
          Array [
            null,
          ],
          Array [
            null,
          ],
        ],
        Array [
          Array [
            null,
          ],
          Array [
            null,
          ],
        ],
        Array [
          Array [
            null,
          ],
          Array [
            null,
          ],
        ],
      ],
    ],
  ],
  Array [
    Array [
      Array [
        Array [
          Array [
            null,
          ],
          Array [
            null,
          ],
        ],
        Array [
          Array [
            null,
          ],
          Array [
            null,
          ],
        ],
        Array [
          Array [
            null,
          ],
          Array [
            null,
          ],
        ],
      ],
      Array [
        Array [
          Array [
            null,
          ],
          Array [
            null,
          ],
        ],
        Array [
          Array [
            null,
          ],
          Array [
            null,
          ],
        ],
        Array [
          Array [
            null,
          ],
          Array [
            null,
          ],
        ],
      ],
      Array [
        Array [
          Array [
            null,
          ],
          Array [
            null,
          ],
        ],
        Array [
          Array [
            null,
          ],
          Array [
            null,
          ],
        ],
        Array [
          Array [
            null,
          ],
          Array [
            null,
          ],
        ],
      ],
      Array [
        Array [
          Array [
            null,
          ],
          Array [
            null,
          ],
        ],
        Array [
          Array [
            null,
          ],
          Array [
            null,
          ],
        ],
        Array [
          Array [
            null,
          ],
          Array [
            null,
          ],
        ],
      ],
    ],
    Array [
      Array [
        Array [
          Array [
            null,
          ],
          Array [
            null,
          ],
        ],
        Array [
          Array [
            null,
          ],
          Array [
            null,
          ],
        ],
        Array [
          Array [
            null,
          ],
          Array [
            null,
          ],
        ],
      ],
      Array [
        Array [
          Array [
            null,
          ],
          Array [
            null,
          ],
        ],
        Array [
          Array [
            null,
          ],
          Array [
            null,
          ],
        ],
        Array [
          Array [
            null,
          ],
          Array [
            null,
          ],
        ],
      ],
      Array [
        Array [
          Array [
            null,
          ],
          Array [
            null,
          ],
        ],
        Array [
          Array [
            null,
          ],
          Array [
            null,
          ],
        ],
        Array [
          Array [
            null,
          ],
          Array [
            null,
          ],
        ],
      ],
      Array [
        Array [
          Array [
            null,
          ],
          Array [
            null,
          ],
        ],
        Array [
          Array [
            null,
          ],
          Array [
            null,
          ],
        ],
        Array [
          Array [
            null,
          ],
          Array [
            null,
          ],
        ],
      ],
    ],
    Array [
      Array [
        Array [
          Array [
            null,
          ],
          Array [
            null,
          ],
        ],
        Array [
          Array [
            null,
          ],
          Array [
            null,
          ],
        ],
        Array [
          Array [
            null,
          ],
          Array [
            null,
          ],
        ],
      ],
      Array [
        Array [
          Array [
            null,
          ],
          Array [
            null,
          ],
        ],
        Array [
          Array [
            null,
          ],
          Array [
            null,
          ],
        ],
        Array [
          Array [
            null,
          ],
          Array [
            null,
          ],
        ],
      ],
      Array [
        Array [
          Array [
            null,
          ],
          Array [
            null,
          ],
        ],
        Array [
          Array [
            null,
          ],
          Array [
            null,
          ],
        ],
        Array [
          Array [
            null,
          ],
          Array [
            null,
          ],
        ],
      ],
      Array [
        Array [
          Array [
            null,
          ],
          Array [
            null,
          ],
        ],
        Array [
          Array [
            null,
          ],
          Array [
            null,
          ],
        ],
        Array [
          Array [
            null,
          ],
          Array [
            null,
          ],
        ],
      ],
    ],
    Array [
      Array [
        Array [
          Array [
            null,
          ],
          Array [
            null,
          ],
        ],
        Array [
          Array [
            null,
          ],
          Array [
            null,
          ],
        ],
        Array [
          Array [
            null,
          ],
          Array [
            null,
          ],
        ],
      ],
      Array [
        Array [
          Array [
            null,
          ],
          Array [
            null,
          ],
        ],
        Array [
          Array [
            null,
          ],
          Array [
            null,
          ],
        ],
        Array [
          Array [
            null,
          ],
          Array [
            null,
          ],
        ],
      ],
      Array [
        Array [
          Array [
            null,
          ],
          Array [
            null,
          ],
        ],
        Array [
          Array [
            null,
          ],
          Array [
            null,
          ],
        ],
        Array [
          Array [
            null,
          ],
          Array [
            null,
          ],
        ],
      ],
      Array [
        Array [
          Array [
            null,
          ],
          Array [
            null,
          ],
        ],
        Array [
          Array [
            null,
          ],
          Array [
            null,
          ],
        ],
        Array [
          Array [
            null,
          ],
          Array [
            null,
          ],
        ],
      ],
    ],
    Array [
      Array [
        Array [
          Array [
            null,
          ],
          Array [
            null,
          ],
        ],
        Array [
          Array [
            null,
          ],
          Array [
            null,
          ],
        ],
        Array [
          Array [
            null,
          ],
          Array [
            null,
          ],
        ],
      ],
      Array [
        Array [
          Array [
            null,
          ],
          Array [
            null,
          ],
        ],
        Array [
          Array [
            null,
          ],
          Array [
            null,
          ],
        ],
        Array [
          Array [
            null,
          ],
          Array [
            null,
          ],
        ],
      ],
      Array [
        Array [
          Array [
            null,
          ],
          Array [
            null,
          ],
        ],
        Array [
          Array [
            null,
          ],
          Array [
            null,
          ],
        ],
        Array [
          Array [
            null,
          ],
          Array [
            null,
          ],
        ],
      ],
      Array [
        Array [
          Array [
            null,
          ],
          Array [
            null,
          ],
        ],
        Array [
          Array [
            null,
          ],
          Array [
            null,
          ],
        ],
        Array [
          Array [
            null,
          ],
          Array [
            null,
          ],
        ],
      ],
    ],
  ],
  Array [
    Array [
      Array [
        Array [
          Array [
            null,
          ],
          Array [
            null,
          ],
        ],
        Array [
          Array [
            null,
          ],
          Array [
            null,
          ],
        ],
        Array [
          Array [
            null,
          ],
          Array [
            null,
          ],
        ],
      ],
      Array [
        Array [
          Array [
            null,
          ],
          Array [
            null,
          ],
        ],
        Array [
          Array [
            null,
          ],
          Array [
            null,
          ],
        ],
        Array [
          Array [
            null,
          ],
          Array [
            null,
          ],
        ],
      ],
      Array [
        Array [
          Array [
            null,
          ],
          Array [
            null,
          ],
        ],
        Array [
          Array [
            null,
          ],
          Array [
            null,
          ],
        ],
        Array [
          Array [
            null,
          ],
          Array [
            null,
          ],
        ],
      ],
      Array [
        Array [
          Array [
            null,
          ],
          Array [
            null,
          ],
        ],
        Array [
          Array [
            null,
          ],
          Array [
            null,
          ],
        ],
        Array [
          Array [
            null,
          ],
          Array [
            null,
          ],
        ],
      ],
    ],
    Array [
      Array [
        Array [
          Array [
            null,
          ],
          Array [
            null,
          ],
        ],
        Array [
          Array [
            null,
          ],
          Array [
            null,
          ],
        ],
        Array [
          Array [
            null,
          ],
          Array [
            null,
          ],
        ],
      ],
      Array [
        Array [
          Array [
            null,
          ],
          Array [
            null,
          ],
        ],
        Array [
          Array [
            null,
          ],
          Array [
            null,
          ],
        ],
        Array [
          Array [
            null,
          ],
          Array [
            null,
          ],
        ],
      ],
      Array [
        Array [
          Array [
            null,
          ],
          Array [
            null,
          ],
        ],
        Array [
          Array [
            null,
          ],
          Array [
            null,
          ],
        ],
        Array [
          Array [
            null,
          ],
          Array [
            null,
          ],
        ],
      ],
      Array [
        Array [
          Array [
            null,
          ],
          Array [
            null,
          ],
        ],
        Array [
          Array [
            null,
          ],
          Array [
            null,
          ],
        ],
        Array [
          Array [
            null,
          ],
          Array [
            null,
          ],
        ],
      ],
    ],
    Array [
      Array [
        Array [
          Array [
            null,
          ],
          Array [
            null,
          ],
        ],
        Array [
          Array [
            null,
          ],
          Array [
            null,
          ],
        ],
        Array [
          Array [
            null,
          ],
          Array [
            null,
          ],
        ],
      ],
      Array [
        Array [
          Array [
            null,
          ],
          Array [
            null,
          ],
        ],
        Array [
          Array [
            null,
          ],
          Array [
            null,
          ],
        ],
        Array [
          Array [
            null,
          ],
          Array [
            null,
          ],
        ],
      ],
      Array [
        Array [
          Array [
            null,
          ],
          Array [
            null,
          ],
        ],
        Array [
          Array [
            null,
          ],
          Array [
            null,
          ],
        ],
        Array [
          Array [
            null,
          ],
          Array [
            null,
          ],
        ],
      ],
      Array [
        Array [
          Array [
            null,
          ],
          Array [
            null,
          ],
        ],
        Array [
          Array [
            null,
          ],
          Array [
            null,
          ],
        ],
        Array [
          Array [
            null,
          ],
          Array [
            null,
          ],
        ],
      ],
    ],
    Array [
      Array [
        Array [
          Array [
            null,
          ],
          Array [
            null,
          ],
        ],
        Array [
          Array [
            null,
          ],
          Array [
            null,
          ],
        ],
        Array [
          Array [
            null,
          ],
          Array [
            null,
          ],
        ],
      ],
      Array [
        Array [
          Array [
            null,
          ],
          Array [
            null,
          ],
        ],
        Array [
          Array [
            null,
          ],
          Array [
            null,
          ],
        ],
        Array [
          Array [
            null,
          ],
          Array [
            null,
          ],
        ],
      ],
      Array [
        Array [
          Array [
            null,
          ],
          Array [
            null,
          ],
        ],
        Array [
          Array [
            null,
          ],
          Array [
            null,
          ],
        ],
        Array [
          Array [
            null,
          ],
          Array [
            null,
          ],
        ],
      ],
      Array [
        Array [
          Array [
            null,
          ],
          Array [
            null,
          ],
        ],
        Array [
          Array [
            null,
          ],
          Array [
            null,
          ],
        ],
        Array [
          Array [
            null,
          ],
          Array [
            null,
          ],
        ],
      ],
    ],
    Array [
      Array [
        Array [
          Array [
            null,
          ],
          Array [
            null,
          ],
        ],
        Array [
          Array [
            null,
          ],
          Array [
            null,
          ],
        ],
        Array [
          Array [
            null,
          ],
          Array [
            null,
          ],
        ],
      ],
      Array [
        Array [
          Array [
            null,
          ],
          Array [
            null,
          ],
        ],
        Array [
          Array [
            null,
          ],
          Array [
            null,
          ],
        ],
        Array [
          Array [
            null,
          ],
          Array [
            null,
          ],
        ],
      ],
      Array [
        Array [
          Array [
            null,
          ],
          Array [
            null,
          ],
        ],
        Array [
          Array [
            null,
          ],
          Array [
            null,
          ],
        ],
        Array [
          Array [
            null,
          ],
          Array [
            null,
          ],
        ],
      ],
      Array [
        Array [
          Array [
            null,
          ],
          Array [
            null,
          ],
        ],
        Array [
          Array [
            null,
          ],
          Array [
            null,
          ],
        ],
        Array [
          Array [
            null,
          ],
          Array [
            null,
          ],
        ],
      ],
    ],
  ],
  Array [
    Array [
      Array [
        Array [
          Array [
            null,
          ],
          Array [
            null,
          ],
        ],
        Array [
          Array [
            null,
          ],
          Array [
            null,
          ],
        ],
        Array [
          Array [
            null,
          ],
          Array [
            null,
          ],
        ],
      ],
      Array [
        Array [
          Array [
            null,
          ],
          Array [
            null,
          ],
        ],
        Array [
          Array [
            null,
          ],
          Array [
            null,
          ],
        ],
        Array [
          Array [
            null,
          ],
          Array [
            null,
          ],
        ],
      ],
      Array [
        Array [
          Array [
            null,
          ],
          Array [
            null,
          ],
        ],
        Array [
          Array [
            null,
          ],
          Array [
            null,
          ],
        ],
        Array [
          Array [
            null,
          ],
          Array [
            null,
          ],
        ],
      ],
      Array [
        Array [
          Array [
            null,
          ],
          Array [
            null,
          ],
        ],
        Array [
          Array [
            null,
          ],
          Array [
            null,
          ],
        ],
        Array [
          Array [
            null,
          ],
          Array [
            null,
          ],
        ],
      ],
    ],
    Array [
      Array [
        Array [
          Array [
            null,
          ],
          Array [
            null,
          ],
        ],
        Array [
          Array [
            null,
          ],
          Array [
            null,
          ],
        ],
        Array [
          Array [
            null,
          ],
          Array [
            null,
          ],
        ],
      ],
      Array [
        Array [
          Array [
            null,
          ],
          Array [
            null,
          ],
        ],
        Array [
          Array [
            null,
          ],
          Array [
            null,
          ],
        ],
        Array [
          Array [
            null,
          ],
          Array [
            null,
          ],
        ],
      ],
      Array [
        Array [
          Array [
            null,
          ],
          Array [
            null,
          ],
        ],
        Array [
          Array [
            null,
          ],
          Array [
            null,
          ],
        ],
        Array [
          Array [
            null,
          ],
          Array [
            null,
          ],
        ],
      ],
      Array [
        Array [
          Array [
            null,
          ],
          Array [
            null,
          ],
        ],
        Array [
          Array [
            null,
          ],
          Array [
            null,
          ],
        ],
        Array [
          Array [
            null,
          ],
          Array [
            null,
          ],
        ],
      ],
    ],
    Array [
      Array [
        Array [
          Array [
            null,
          ],
          Array [
            null,
          ],
        ],
        Array [
          Array [
            null,
          ],
          Array [
            null,
          ],
        ],
        Array [
          Array [
            null,
          ],
          Array [
            null,
          ],
        ],
      ],
      Array [
        Array [
          Array [
            null,
          ],
          Array [
            null,
          ],
        ],
        Array [
          Array [
            null,
          ],
          Array [
            null,
          ],
        ],
        Array [
          Array [
            null,
          ],
          Array [
            null,
          ],
        ],
      ],
      Array [
        Array [
          Array [
            null,
          ],
          Array [
            null,
          ],
        ],
        Array [
          Array [
            null,
          ],
          Array [
            null,
          ],
        ],
        Array [
          Array [
            null,
          ],
          Array [
            null,
          ],
        ],
      ],
      Array [
        Array [
          Array [
            null,
          ],
          Array [
            null,
          ],
        ],
        Array [
          Array [
            null,
          ],
          Array [
            null,
          ],
        ],
        Array [
          Array [
            null,
          ],
          Array [
            null,
          ],
        ],
      ],
    ],
    Array [
      Array [
        Array [
          Array [
            null,
          ],
          Array [
            null,
          ],
        ],
        Array [
          Array [
            null,
          ],
          Array [
            null,
          ],
        ],
        Array [
          Array [
            null,
          ],
          Array [
            null,
          ],
        ],
      ],
      Array [
        Array [
          Array [
            null,
          ],
          Array [
            null,
          ],
        ],
        Array [
          Array [
            null,
          ],
          Array [
            null,
          ],
        ],
        Array [
          Array [
            null,
          ],
          Array [
            null,
          ],
        ],
      ],
      Array [
        Array [
          Array [
            null,
          ],
          Array [
            null,
          ],
        ],
        Array [
          Array [
            null,
          ],
          Array [
            null,
          ],
        ],
        Array [
          Array [
            null,
          ],
          Array [
            null,
          ],
        ],
      ],
      Array [
        Array [
          Array [
            null,
          ],
          Array [
            null,
          ],
        ],
        Array [
          Array [
            null,
          ],
          Array [
            null,
          ],
        ],
        Array [
          Array [
            null,
          ],
          Array [
            null,
          ],
        ],
      ],
    ],
    Array [
      Array [
        Array [
          Array [
            null,
          ],
          Array [
            null,
          ],
        ],
        Array [
          Array [
            null,
          ],
          Array [
            null,
          ],
        ],
        Array [
          Array [
            null,
          ],
          Array [
            null,
          ],
        ],
      ],
      Array [
        Array [
          Array [
            null,
          ],
          Array [
            null,
          ],
        ],
        Array [
          Array [
            null,
          ],
          Array [
            null,
          ],
        ],
        Array [
          Array [
            null,
          ],
          Array [
            null,
          ],
        ],
      ],
      Array [
        Array [
          Array [
            null,
          ],
          Array [
            null,
          ],
        ],
        Array [
          Array [
            null,
          ],
          Array [
            null,
          ],
        ],
        Array [
          Array [
            null,
          ],
          Array [
            null,
          ],
        ],
      ],
      Array [
        Array [
          Array [
            null,
          ],
          Array [
            null,
          ],
        ],
        Array [
          Array [
            null,
          ],
          Array [
            null,
          ],
        ],
        Array [
          Array [
            null,
          ],
          Array [
            null,
          ],
        ],
      ],
    ],
  ],
  Array [
    Array [
      Array [
        Array [
          Array [
            null,
          ],
          Array [
            null,
          ],
        ],
        Array [
          Array [
            null,
          ],
          Array [
            null,
          ],
        ],
        Array [
          Array [
            null,
          ],
          Array [
            null,
          ],
        ],
      ],
      Array [
        Array [
          Array [
            null,
          ],
          Array [
            null,
          ],
        ],
        Array [
          Array [
            null,
          ],
          Array [
            null,
          ],
        ],
        Array [
          Array [
            null,
          ],
          Array [
            null,
          ],
        ],
      ],
      Array [
        Array [
          Array [
            null,
          ],
          Array [
            null,
          ],
        ],
        Array [
          Array [
            null,
          ],
          Array [
            null,
          ],
        ],
        Array [
          Array [
            null,
          ],
          Array [
            null,
          ],
        ],
      ],
      Array [
        Array [
          Array [
            null,
          ],
          Array [
            null,
          ],
        ],
        Array [
          Array [
            null,
          ],
          Array [
            null,
          ],
        ],
        Array [
          Array [
            null,
          ],
          Array [
            null,
          ],
        ],
      ],
    ],
    Array [
      Array [
        Array [
          Array [
            null,
          ],
          Array [
            null,
          ],
        ],
        Array [
          Array [
            null,
          ],
          Array [
            null,
          ],
        ],
        Array [
          Array [
            null,
          ],
          Array [
            null,
          ],
        ],
      ],
      Array [
        Array [
          Array [
            null,
          ],
          Array [
            null,
          ],
        ],
        Array [
          Array [
            null,
          ],
          Array [
            null,
          ],
        ],
        Array [
          Array [
            null,
          ],
          Array [
            null,
          ],
        ],
      ],
      Array [
        Array [
          Array [
            null,
          ],
          Array [
            null,
          ],
        ],
        Array [
          Array [
            null,
          ],
          Array [
            null,
          ],
        ],
        Array [
          Array [
            null,
          ],
          Array [
            null,
          ],
        ],
      ],
      Array [
        Array [
          Array [
            null,
          ],
          Array [
            null,
          ],
        ],
        Array [
          Array [
            null,
          ],
          Array [
            null,
          ],
        ],
        Array [
          Array [
            null,
          ],
          Array [
            null,
          ],
        ],
      ],
    ],
    Array [
      Array [
        Array [
          Array [
            null,
          ],
          Array [
            null,
          ],
        ],
        Array [
          Array [
            null,
          ],
          Array [
            null,
          ],
        ],
        Array [
          Array [
            null,
          ],
          Array [
            null,
          ],
        ],
      ],
      Array [
        Array [
          Array [
            null,
          ],
          Array [
            null,
          ],
        ],
        Array [
          Array [
            null,
          ],
          Array [
            null,
          ],
        ],
        Array [
          Array [
            null,
          ],
          Array [
            null,
          ],
        ],
      ],
      Array [
        Array [
          Array [
            null,
          ],
          Array [
            null,
          ],
        ],
        Array [
          Array [
            null,
          ],
          Array [
            null,
          ],
        ],
        Array [
          Array [
            null,
          ],
          Array [
            null,
          ],
        ],
      ],
      Array [
        Array [
          Array [
            null,
          ],
          Array [
            null,
          ],
        ],
        Array [
          Array [
            null,
          ],
          Array [
            null,
          ],
        ],
        Array [
          Array [
            null,
          ],
          Array [
            null,
          ],
        ],
      ],
    ],
    Array [
      Array [
        Array [
          Array [
            null,
          ],
          Array [
            null,
          ],
        ],
        Array [
          Array [
            null,
          ],
          Array [
            null,
          ],
        ],
        Array [
          Array [
            null,
          ],
          Array [
            null,
          ],
        ],
      ],
      Array [
        Array [
          Array [
            null,
          ],
          Array [
            null,
          ],
        ],
        Array [
          Array [
            null,
          ],
          Array [
            null,
          ],
        ],
        Array [
          Array [
            null,
          ],
          Array [
            null,
          ],
        ],
      ],
      Array [
        Array [
          Array [
            null,
          ],
          Array [
            null,
          ],
        ],
        Array [
          Array [
            null,
          ],
          Array [
            null,
          ],
        ],
        Array [
          Array [
            null,
          ],
          Array [
            null,
          ],
        ],
      ],
      Array [
        Array [
          Array [
            null,
          ],
          Array [
            null,
          ],
        ],
        Array [
          Array [
            null,
          ],
          Array [
            null,
          ],
        ],
        Array [
          Array [
            null,
          ],
          Array [
            null,
          ],
        ],
      ],
    ],
    Array [
      Array [
        Array [
          Array [
            null,
          ],
          Array [
            null,
          ],
        ],
        Array [
          Array [
            null,
          ],
          Array [
            null,
          ],
        ],
        Array [
          Array [
            null,
          ],
          Array [
            null,
          ],
        ],
      ],
      Array [
        Array [
          Array [
            null,
          ],
          Array [
            null,
          ],
        ],
        Array [
          Array [
            null,
          ],
          Array [
            null,
          ],
        ],
        Array [
          Array [
            null,
          ],
          Array [
            null,
          ],
        ],
      ],
      Array [
        Array [
          Array [
            null,
          ],
          Array [
            null,
          ],
        ],
        Array [
          Array [
            null,
          ],
          Array [
            null,
          ],
        ],
        Array [
          Array [
            null,
          ],
          Array [
            null,
          ],
        ],
      ],
      Array [
        Array [
          Array [
            null,
          ],
          Array [
            null,
          ],
        ],
        Array [
          Array [
            null,
          ],
          Array [
            null,
          ],
        ],
        Array [
          Array [
            null,
          ],
          Array [
            null,
          ],
        ],
      ],
    ],
  ],
  Array [
    Array [
      Array [
        Array [
          Array [
            null,
          ],
          Array [
            null,
          ],
        ],
        Array [
          Array [
            null,
          ],
          Array [
            null,
          ],
        ],
        Array [
          Array [
            null,
          ],
          Array [
            null,
          ],
        ],
      ],
      Array [
        Array [
          Array [
            null,
          ],
          Array [
            null,
          ],
        ],
        Array [
          Array [
            null,
          ],
          Array [
            null,
          ],
        ],
        Array [
          Array [
            null,
          ],
          Array [
            null,
          ],
        ],
      ],
      Array [
        Array [
          Array [
            null,
          ],
          Array [
            null,
          ],
        ],
        Array [
          Array [
            null,
          ],
          Array [
            null,
          ],
        ],
        Array [
          Array [
            null,
          ],
          Array [
            null,
          ],
        ],
      ],
      Array [
        Array [
          Array [
            null,
          ],
          Array [
            null,
          ],
        ],
        Array [
          Array [
            null,
          ],
          Array [
            null,
          ],
        ],
        Array [
          Array [
            null,
          ],
          Array [
            null,
          ],
        ],
      ],
    ],
    Array [
      Array [
        Array [
          Array [
            null,
          ],
          Array [
            null,
          ],
        ],
        Array [
          Array [
            null,
          ],
          Array [
            null,
          ],
        ],
        Array [
          Array [
            null,
          ],
          Array [
            null,
          ],
        ],
      ],
      Array [
        Array [
          Array [
            null,
          ],
          Array [
            null,
          ],
        ],
        Array [
          Array [
            null,
          ],
          Array [
            null,
          ],
        ],
        Array [
          Array [
            null,
          ],
          Array [
            null,
          ],
        ],
      ],
      Array [
        Array [
          Array [
            null,
          ],
          Array [
            null,
          ],
        ],
        Array [
          Array [
            null,
          ],
          Array [
            null,
          ],
        ],
        Array [
          Array [
            null,
          ],
          Array [
            null,
          ],
        ],
      ],
      Array [
        Array [
          Array [
            null,
          ],
          Array [
            null,
          ],
        ],
        Array [
          Array [
            null,
          ],
          Array [
            null,
          ],
        ],
        Array [
          Array [
            null,
          ],
          Array [
            null,
          ],
        ],
      ],
    ],
    Array [
      Array [
        Array [
          Array [
            null,
          ],
          Array [
            null,
          ],
        ],
        Array [
          Array [
            null,
          ],
          Array [
            null,
          ],
        ],
        Array [
          Array [
            null,
          ],
          Array [
            null,
          ],
        ],
      ],
      Array [
        Array [
          Array [
            null,
          ],
          Array [
            null,
          ],
        ],
        Array [
          Array [
            null,
          ],
          Array [
            null,
          ],
        ],
        Array [
          Array [
            null,
          ],
          Array [
            null,
          ],
        ],
      ],
      Array [
        Array [
          Array [
            null,
          ],
          Array [
            null,
          ],
        ],
        Array [
          Array [
            null,
          ],
          Array [
            null,
          ],
        ],
        Array [
          Array [
            null,
          ],
          Array [
            null,
          ],
        ],
      ],
      Array [
        Array [
          Array [
            null,
          ],
          Array [
            null,
          ],
        ],
        Array [
          Array [
            null,
          ],
          Array [
            null,
          ],
        ],
        Array [
          Array [
            null,
          ],
          Array [
            null,
          ],
        ],
      ],
    ],
    Array [
      Array [
        Array [
          Array [
            null,
          ],
          Array [
            null,
          ],
        ],
        Array [
          Array [
            null,
          ],
          Array [
            null,
          ],
        ],
        Array [
          Array [
            null,
          ],
          Array [
            null,
          ],
        ],
      ],
      Array [
        Array [
          Array [
            null,
          ],
          Array [
            null,
          ],
        ],
        Array [
          Array [
            null,
          ],
          Array [
            null,
          ],
        ],
        Array [
          Array [
            null,
          ],
          Array [
            null,
          ],
        ],
      ],
      Array [
        Array [
          Array [
            null,
          ],
          Array [
            null,
          ],
        ],
        Array [
          Array [
            null,
          ],
          Array [
            null,
          ],
        ],
        Array [
          Array [
            null,
          ],
          Array [
            null,
          ],
        ],
      ],
      Array [
        Array [
          Array [
            null,
          ],
          Array [
            null,
          ],
        ],
        Array [
          Array [
            null,
          ],
          Array [
            null,
          ],
        ],
        Array [
          Array [
            null,
          ],
          Array [
            null,
          ],
        ],
      ],
    ],
    Array [
      Array [
        Array [
          Array [
            null,
          ],
          Array [
            null,
          ],
        ],
        Array [
          Array [
            null,
          ],
          Array [
            null,
          ],
        ],
        Array [
          Array [
            null,
          ],
          Array [
            null,
          ],
        ],
      ],
      Array [
        Array [
          Array [
            null,
          ],
          Array [
            null,
          ],
        ],
        Array [
          Array [
            null,
          ],
          Array [
            null,
          ],
        ],
        Array [
          Array [
            null,
          ],
          Array [
            null,
          ],
        ],
      ],
      Array [
        Array [
          Array [
            null,
          ],
          Array [
            null,
          ],
        ],
        Array [
          Array [
            null,
          ],
          Array [
            null,
          ],
        ],
        Array [
          Array [
            null,
          ],
          Array [
            null,
          ],
        ],
      ],
      Array [
        Array [
          Array [
            null,
          ],
          Array [
            null,
          ],
        ],
        Array [
          Array [
            null,
          ],
          Array [
            null,
          ],
        ],
        Array [
          Array [
            null,
          ],
          Array [
            null,
          ],
        ],
      ],
    ],
  ],
]
`;
